[  +53 ms] Artifact Instance of 'MaterialFonts' is not required, skipping update.
[   +3 ms] Artifact Instance of 'GradleWrapper' is not required, skipping update.
[        ] Artifact Instance of 'AndroidGenSnapshotArtifacts' is not required, skipping update.
[        ] Artifact Instance of 'AndroidInternalBuildArtifacts' is not required, skipping update.
[        ] Artifact Instance of 'IOSEngineArtifacts' is not required, skipping update.
[        ] Artifact Instance of 'FlutterWebSdk' is not required, skipping update.
[   +2 ms] Artifact Instance of 'LegacyCanvasKitRemover' is not required, skipping update.
[        ] Artifact Instance of 'FlutterSdk' is not required, skipping update.
[        ] Artifact Instance of 'WindowsEngineArtifacts' is not required, skipping update.
[        ] Artifact Instance of 'MacOSEngineArtifacts' is not required, skipping update.
[        ] Artifact Instance of 'LinuxEngineArtifacts' is not required, skipping update.
[        ] Artifact Instance of 'LinuxFuchsiaSDKArtifacts' is not required, skipping update.
[        ] Artifact Instance of 'MacOSFuchsiaSDKArtifacts' is not required, skipping update.
[        ] Artifact Instance of 'FlutterRunnerSDKArtifacts' is not required, skipping update.
[        ] Artifact Instance of 'FlutterRunnerDebugSymbols' is not required, skipping update.
[        ] Artifact Instance of 'IosUsbArtifacts' is not required, skipping update.
[        ] Artifact Instance of 'IosUsbArtifacts' is not required, skipping update.
[        ] Artifact Instance of 'IosUsbArtifacts' is not required, skipping update.
[        ] Artifact Instance of 'IosUsbArtifacts' is not required, skipping update.
[        ] Artifact Instance of 'IosUsbArtifacts' is not required, skipping update.
[        ] Artifact Instance of 'IosUsbArtifacts' is not required, skipping update.
[        ] Artifact Instance of 'FontSubsetArtifacts' is not required, skipping update.
[        ] Artifact Instance of 'PubDependencies' is not required, skipping update.
[  +12 ms] Artifact Instance of 'AndroidGenSnapshotArtifacts' is not required, skipping update.
[        ] Artifact Instance of 'AndroidInternalBuildArtifacts' is not required, skipping update.
[        ] Artifact Instance of 'IOSEngineArtifacts' is not required, skipping update.
[   +1 ms] Artifact Instance of 'FlutterWebSdk' is not required, skipping update.
[   +1 ms] Artifact Instance of 'FlutterEngineStamp' is not required, skipping update.
[        ] Artifact Instance of 'LegacyCanvasKitRemover' is not required, skipping update.
[   +3 ms] Artifact Instance of 'WindowsEngineArtifacts' is not required, skipping update.
[   +1 ms] Artifact Instance of 'MacOSEngineArtifacts' is not required, skipping update.
[        ] Artifact Instance of 'LinuxEngineArtifacts' is not required, skipping update.
[        ] Artifact Instance of 'LinuxFuchsiaSDKArtifacts' is not required, skipping update.
[        ] Artifact Instance of 'MacOSFuchsiaSDKArtifacts' is not required, skipping update.
[        ] Artifact Instance of 'FlutterRunnerSDKArtifacts' is not required, skipping update.
[        ] Artifact Instance of 'FlutterRunnerDebugSymbols' is not required, skipping update.
[  +48 ms] Artifact Instance of 'MaterialFonts' is not required, skipping update.
[        ] Artifact Instance of 'GradleWrapper' is not required, skipping update.
[   +2 ms] Artifact Instance of 'AndroidInternalBuildArtifacts' is not required, skipping update.
[        ] Artifact Instance of 'IOSEngineArtifacts' is not required, skipping update.
[        ] Artifact Instance of 'FlutterWebSdk' is not required, skipping update.
[        ] Artifact Instance of 'FlutterEngineStamp' is not required, skipping update.
[        ] Artifact Instance of 'LegacyCanvasKitRemover' is not required, skipping update.
[        ] Artifact Instance of 'FlutterSdk' is not required, skipping update.
[        ] Artifact Instance of 'WindowsEngineArtifacts' is not required, skipping update.
[        ] Artifact Instance of 'MacOSEngineArtifacts' is not required, skipping update.
[        ] Artifact Instance of 'LinuxEngineArtifacts' is not required, skipping update.
[        ] Artifact Instance of 'LinuxFuchsiaSDKArtifacts' is not required, skipping update.
[   +1 ms] Artifact Instance of 'MacOSFuchsiaSDKArtifacts' is not required, skipping update.
[        ] Artifact Instance of 'FlutterRunnerSDKArtifacts' is not required, skipping update.
[        ] Artifact Instance of 'FlutterRunnerDebugSymbols' is not required, skipping update.
[        ] Artifact Instance of 'IosUsbArtifacts' is not required, skipping update.
[        ] Artifact Instance of 'IosUsbArtifacts' is not required, skipping update.
[        ] Artifact Instance of 'IosUsbArtifacts' is not required, skipping update.
[        ] Artifact Instance of 'IosUsbArtifacts' is not required, skipping update.
[        ] Artifact Instance of 'IosUsbArtifacts' is not required, skipping update.
[        ] Artifact Instance of 'IosUsbArtifacts' is not required, skipping update.
[        ] Artifact Instance of 'FontSubsetArtifacts' is not required, skipping update.
[        ] Artifact Instance of 'PubDependencies' is not required, skipping update.
[  +73 ms] Skipping pub get: version match.
[ +164 ms] Found plugin url_launcher at /home/codespace/.pub-cache/hosted/pub.dev/url_launcher-6.3.2/
[  +11 ms] Found plugin url_launcher_windows at /home/codespace/.pub-cache/hosted/pub.dev/url_launcher_windows-3.1.6/
[  +22 ms] Found plugin url_launcher_web at /home/codespace/.pub-cache/hosted/pub.dev/url_launcher_web-2.4.3/
[  +10 ms] Found plugin url_launcher_macos at /home/codespace/.pub-cache/hosted/pub.dev/url_launcher_macos-3.2.6/
[   +3 ms] Found plugin url_launcher_linux at /home/codespace/.pub-cache/hosted/pub.dev/url_launcher_linux-3.2.3/
[   +4 ms] Found plugin url_launcher_ios at /home/codespace/.pub-cache/hosted/pub.dev/url_launcher_ios-6.4.2/
[   +5 ms] Found plugin url_launcher_android at /home/codespace/.pub-cache/hosted/pub.dev/url_launcher_android-6.3.33/
[   +5 ms] Found plugin shared_preferences at /home/codespace/.pub-cache/hosted/pub.dev/shared_preferences-2.5.5/
[   +3 ms] Found plugin shared_preferences_windows at /home/codespace/.pub-cache/hosted/pub.dev/shared_preferences_windows-2.4.1/
[   +6 ms] Found plugin path_provider_windows at /home/codespace/.pub-cache/hosted/pub.dev/path_provider_windows-2.3.0/
[  +12 ms] Found plugin shared_preferences_web at /home/codespace/.pub-cache/hosted/pub.dev/shared_preferences_web-2.4.3/
[   +2 ms] Found plugin shared_preferences_linux at /home/codespace/.pub-cache/hosted/pub.dev/shared_preferences_linux-2.4.1/
[   +4 ms] Found plugin path_provider_linux at /home/codespace/.pub-cache/hosted/pub.dev/path_provider_linux-2.2.2/
[   +4 ms] Found plugin shared_preferences_foundation at /home/codespace/.pub-cache/hosted/pub.dev/shared_preferences_foundation-2.5.7/
[   +3 ms] Found plugin shared_preferences_android at /home/codespace/.pub-cache/hosted/pub.dev/shared_preferences_android-2.4.28/
[   +3 ms] Found plugin media_kit_video at /home/codespace/.pub-cache/hosted/pub.dev/media_kit_video-1.3.1/
[   +3 ms] Found plugin wakelock_plus at /home/codespace/.pub-cache/hosted/pub.dev/wakelock_plus-1.8.0/
[   +8 ms] Found plugin package_info_plus at /home/codespace/.pub-cache/hosted/pub.dev/package_info_plus-10.2.1/
[  +23 ms] Found plugin volume_controller at /home/codespace/.pub-cache/hosted/pub.dev/volume_controller-3.7.1/
[  +15 ms] Found plugin screen_brightness_android at /home/codespace/.pub-cache/hosted/pub.dev/screen_brightness_android-2.1.6/
[  +24 ms] Found plugin media_kit_libs_android_video at /home/codespace/.pub-cache/hosted/pub.dev/media_kit_libs_android_video-1.3.8/
[  +55 ms] Found plugin url_launcher at /home/codespace/.pub-cache/hosted/pub.dev/url_launcher-6.3.2/
[   +3 ms] Found plugin url_launcher_windows at /home/codespace/.pub-cache/hosted/pub.dev/url_launcher_windows-3.1.6/
[   +4 ms] Found plugin url_launcher_web at /home/codespace/.pub-cache/hosted/pub.dev/url_launcher_web-2.4.3/
[   +4 ms] Found plugin url_launcher_macos at /home/codespace/.pub-cache/hosted/pub.dev/url_launcher_macos-3.2.6/
[   +2 ms] Found plugin url_launcher_linux at /home/codespace/.pub-cache/hosted/pub.dev/url_launcher_linux-3.2.3/
[   +2 ms] Found plugin url_launcher_ios at /home/codespace/.pub-cache/hosted/pub.dev/url_launcher_ios-6.4.2/
[   +2 ms] Found plugin url_launcher_android at /home/codespace/.pub-cache/hosted/pub.dev/url_launcher_android-6.3.33/
[   +2 ms] Found plugin shared_preferences at /home/codespace/.pub-cache/hosted/pub.dev/shared_preferences-2.5.5/
[   +3 ms] Found plugin shared_preferences_windows at /home/codespace/.pub-cache/hosted/pub.dev/shared_preferences_windows-2.4.1/
[  +16 ms] Found plugin path_provider_windows at /home/codespace/.pub-cache/hosted/pub.dev/path_provider_windows-2.3.0/
[   +4 ms] Found plugin shared_preferences_web at /home/codespace/.pub-cache/hosted/pub.dev/shared_preferences_web-2.4.3/
[   +1 ms] Found plugin shared_preferences_linux at /home/codespace/.pub-cache/hosted/pub.dev/shared_preferences_linux-2.4.1/
[   +1 ms] Found plugin path_provider_linux at /home/codespace/.pub-cache/hosted/pub.dev/path_provider_linux-2.2.2/
[   +2 ms] Found plugin shared_preferences_foundation at /home/codespace/.pub-cache/hosted/pub.dev/shared_preferences_foundation-2.5.7/
[  +19 ms] Found plugin shared_preferences_android at /home/codespace/.pub-cache/hosted/pub.dev/shared_preferences_android-2.4.28/
[   +6 ms] Found plugin media_kit_video at /home/codespace/.pub-cache/hosted/pub.dev/media_kit_video-1.3.1/
[   +8 ms] Found plugin wakelock_plus at /home/codespace/.pub-cache/hosted/pub.dev/wakelock_plus-1.8.0/
[  +26 ms] Found plugin package_info_plus at /home/codespace/.pub-cache/hosted/pub.dev/package_info_plus-10.2.1/
[  +18 ms] Found plugin volume_controller at /home/codespace/.pub-cache/hosted/pub.dev/volume_controller-3.7.1/
[   +5 ms] Found plugin screen_brightness_android at /home/codespace/.pub-cache/hosted/pub.dev/screen_brightness_android-2.1.6/
[  +11 ms] Found plugin media_kit_libs_android_video at /home/codespace/.pub-cache/hosted/pub.dev/media_kit_libs_android_video-1.3.8/
[  +17 ms] Generating /workspaces/BASIM-PREMIUM/android/app/src/main/java/io/flutter/plugins/GeneratedPluginRegistrant.java
[  +20 ms] Skipping generating GeneratedPluginRegistrant.java because it is up-to-date.
[  +41 ms] Android Studio version could not be detected, skipping Gradle-Java version compatibility check.
[   +2 ms] CMake project not found, skipping support Android 15 16k page size migration.
[   +1 ms] The developer has already configured the Built-In Kotlin flag, skipping migration.
[   +1 ms] The developer has already configured the new DSL flag, skipping migration.
[   +2 ms] Using gradle from /workspaces/BASIM-PREMIUM/android/gradlew.
[  +17 ms] LocalFile: '/workspaces/BASIM-PREMIUM/android/build.gradle' doesn't provide an AGP version. Checking settings.
[   +1 ms] LocalFile: '/workspaces/BASIM-PREMIUM/android/settings.gradle' provides AGP version: 8.1.0
[   +1 ms] Running Gradle task 'assembleDebug'...
[   +2 ms] executing: [/workspaces/BASIM-PREMIUM/android/] /workspaces/BASIM-PREMIUM/android/gradlew --full-stacktrace --info -Pverbose=true -Ptarget-platform=android-arm,android-arm64,android-x64 -Ptarget=lib/main.dart -Pbase-application-name=android.app.Application -Pdart-defines=RkxVVFRFUl9CVUlMRF9OQU1FPTEuMC4w,RkxVVFRFUl9CVUlMRF9OVU1CRVI9MQ==,RkxVVFRFUl9WRVJTSU9OPTMuNDcuNQ==,RkxVVFRFUl9DSEFOTkVMPXN0YWJsZQ==,RkxVVFRFUl9HSVRfVVJMPWh0dHBzOi8vZ2l0aHViLmNvbS9mbHV0dGVyL2ZsdXR0ZXIuZ2l0,RkxVVFRFUl9GUkFNRVdPUktfUkVWSVNJT049NmExOWNjYTU2NA==,RkxVVFRFUl9FTkdJTkVfUkVWSVNJT049YWY3ZTc5NmUxNg==,RkxVVFRFUl9EQVJUX1ZFUlNJT049My4xMy40 -Pdart-obfuscation=false -Ptrack-widget-creation=true -Ptree-shake-icons=false -Pflutter.androidSdkRoot=/home/codespace/android-sdk -Pflutter.installedNdkVersions= -Pflutter.sdkManagerPath=/home/codespace/android-sdk/cmdline-tools/latest/bin/sdkmanager assembleDebug
[ +778 ms] Initialized native services in: /home/codespace/.gradle/native
[   +4 ms] Initialized jansi services in: /home/codespace/.gradle/native
[ +125 ms] Received JVM installation metadata from '/usr/lib/jvm/java-17-openjdk-amd64': {JAVA_HOME=/usr/lib/jvm/java-17-openjdk-amd64, JAVA_VERSION=17.0.20.1, JAVA_VENDOR=Ubuntu, RUNTIME_NAME=OpenJDK Runtime Environment, RUNTIME_VERSION=17.0.20.1+1-1-24.04-Ubuntu, VM_NAME=OpenJDK 64-Bit Server VM, VM_VERSION=17.0.20.1+1-1-24.04-Ubuntu, VM_VENDOR=Ubuntu, OS_ARCH=amd64}
[ +292 ms] Found daemon DaemonInfo{pid=180501, address=[6955c873-4954-4e3d-a94f-fa3646757509 port:34827, addresses:[/127.0.0.1]], state=Idle, lastBusy=1790352086349, context=DefaultDaemonContext[uid=854162c6-8b22-4cce-8116-d7f5d1bdd88f,javaHome=/usr/local/sdkman/candidates/java/25.0.4+1-ms,daemonRegistryDir=/home/codespace/.gradle/daemon,pid=180501,idleTimeout=10800000,priority=NORMAL,daemonOpts=--add-opens=java.base/java.util=ALL-UNNAMED,--add-opens=java.base/java.lang=ALL-UNNAMED,--add-opens=java.base/java.lang.invoke=ALL-UNNAMED,--add-opens=java.prefs/java.util.prefs=ALL-UNNAMED,--add-opens=java.base/java.nio.charset=ALL-UNNAMED,--add-opens=java.base/java.net=ALL-UNNAMED,--add-opens=java.base/java.util.concurrent.atomic=ALL-UNNAMED,-XX:MaxMetaspaceSize=256m,-XX:+HeapDumpOnOutOfMemoryError,-Xms256m,-Xmx512m,-Dfile.encoding=UTF-8,-Duser.country,-Duser.language=en,-Duser.variant]} however its context does not match the desired criteria.
[   +2 ms] Java home is different.
[   +2 ms] Wanted: DefaultDaemonContext[uid=null,javaHome=/usr/lib/jvm/java-17-openjdk-amd64,daemonRegistryDir=/home/codespace/.gradle/daemon,pid=236220,idleTimeout=null,priority=NORMAL,daemonOpts=--add-opens=java.base/java.util=ALL-UNNAMED,--add-opens=java.base/java.lang=ALL-UNNAMED,--add-opens=java.base/java.lang.invoke=ALL-UNNAMED,--add-opens=java.prefs/java.util.prefs=ALL-UNNAMED,--add-opens=java.base/java.nio.charset=ALL-UNNAMED,--add-opens=java.base/java.net=ALL-UNNAMED,--add-opens=java.base/java.util.concurrent.atomic=ALL-UNNAMED,-XX:MaxMetaspaceSize=256m,-XX:+HeapDumpOnOutOfMemoryError,-Xms256m,-Xmx512m,-Dfile.encoding=UTF-8,-Duser.country,-Duser.language=en,-Duser.variant]
[   +1 ms] Actual: DefaultDaemonContext[uid=854162c6-8b22-4cce-8116-d7f5d1bdd88f,javaHome=/usr/local/sdkman/candidates/java/25.0.4+1-ms,daemonRegistryDir=/home/codespace/.gradle/daemon,pid=180501,idleTimeout=10800000,priority=NORMAL,daemonOpts=--add-opens=java.base/java.util=ALL-UNNAMED,--add-opens=java.base/java.lang=ALL-UNNAMED,--add-opens=java.base/java.lang.invoke=ALL-UNNAMED,--add-opens=java.prefs/java.util.prefs=ALL-UNNAMED,--add-opens=java.base/java.nio.charset=ALL-UNNAMED,--add-opens=java.base/java.net=ALL-UNNAMED,--add-opens=java.base/java.util.concurrent.atomic=ALL-UNNAMED,-XX:MaxMetaspaceSize=256m,-XX:+HeapDumpOnOutOfMemoryError,-Xms256m,-Xmx512m,-Dfile.encoding=UTF-8,-Duser.country,-Duser.language=en,-Duser.variant]
[   +1 ms]   Looking for a different daemon...
[        ] Removing 0 daemon stop events from registry
[        ] Starting a Gradle Daemon, 1 incompatible Daemon could not be reused, use --status for details
[  +90 ms] Starting process 'Gradle build daemon'. Working directory: /home/codespace/.gradle/daemon/8.0 Command: /usr/lib/jvm/java-17-openjdk-amd64/bin/java --add-opens=java.base/java.util=ALL-UNNAMED --add-opens=java.base/java.lang=ALL-UNNAMED --add-opens=java.base/java.lang.invoke=ALL-UNNAMED --add-opens=java.prefs/java.util.prefs=ALL-UNNAMED --add-opens=java.base/java.nio.charset=ALL-UNNAMED --add-opens=java.base/java.net=ALL-UNNAMED --add-opens=java.base/java.util.concurrent.atomic=ALL-UNNAMED -XX:MaxMetaspaceSize=256m -XX:+HeapDumpOnOutOfMemoryError -Xms256m -Xmx512m -Dfile.encoding=UTF-8 -Duser.country -Duser.language=en -Duser.variant -cp /home/codespace/.gradle/wrapper/dists/gradle-8.0-all/a2o1xoguejy6msdh0lk99lxza/gradle-8.0/lib/gradle-launcher-8.0.jar org.gradle.launcher.daemon.bootstrap.GradleDaemon 8.0
[   +1 ms] Successfully started process 'Gradle build daemon'
[+1398 ms] An attempt to start the daemon took 1.509 secs.
[ +199 ms] The client will now receive all logging from the daemon (pid: 236260). The daemon log file: /home/codespace/.gradle/daemon/8.0/daemon-236260.out.log
[   +5 ms] Starting build in new daemon [memory: 512 MiB]
[ +397 ms] Using 2 worker leases.
[ +597 ms] Received JVM installation metadata from '/usr/lib/jvm/java-17-openjdk-amd64': {JAVA_HOME=/usr/lib/jvm/java-17-openjdk-amd64, JAVA_VERSION=17.0.20.1, JAVA_VENDOR=Ubuntu, RUNTIME_NAME=OpenJDK Runtime Environment, RUNTIME_VERSION=17.0.20.1+1-1-24.04-Ubuntu, VM_NAME=OpenJDK 64-Bit Server VM, VM_VERSION=17.0.20.1+1-1-24.04-Ubuntu, VM_VENDOR=Ubuntu, OS_ARCH=amd64}
[ +298 ms] Watching the file system is configured to be enabled if available
[ +101 ms] Not watching /workspaces/BASIM-PREMIUM/android since the file system is not supported
[        ] File system watching is active
[+1299 ms] Starting Build
[ +598 ms] Not watching /home/codespace/flutter/packages/flutter_tools/gradle since the file system is not supported
[ +301 ms] Skipping Kotlin DSL script compilation (Settings/TopLevel/stage1) as it is up-to-date.
[+2201 ms] > Configure project :gradle
[   +7 ms] Evaluating project ':gradle' using build file '/home/codespace/flutter/packages/flutter_tools/gradle/build.gradle.kts'.
[   +3 ms] Caching disabled for Kotlin DSL plugin accessors for classpath '3b280ac4f1d9b96f159d256490a81553' because:
[   +2 ms]   Build cache is disabled
[        ] Skipping Kotlin DSL plugin accessors for classpath '3b280ac4f1d9b96f159d256490a81553' as it is up-to-date.
[        ] Caching disabled for Kotlin DSL script compilation (Project/TopLevel/stage1) because:
[   +7 ms]   Build cache is disabled
[        ] Skipping Kotlin DSL script compilation (Project/TopLevel/stage1) as it is up-to-date.
[   +1 ms] The configuration detachedConfiguration1 is both resolvable and consumable. This is considered a legacy configuration and it will eventually only be possible to be one of these.
[        ] The configuration detachedConfiguration1 is both consumable and declarable. This combination is incorrect, only one of these flags should be set.
[   +1 ms] The configuration detachedConfiguration1 is both resolvable and consumable. This is considered a legacy configuration and it will eventually only be possible to be one of these.
[   +2 ms] The configuration detachedConfiguration1 is both consumable and declarable. This combination is incorrect, only one of these flags should be set.
[        ] The configuration detachedConfiguration2 is both resolvable and consumable. This is considered a legacy configuration and it will eventually only be possible to be one of these.
[        ] The configuration detachedConfiguration2 is both consumable and declarable. This combination is incorrect, only one of these flags should be set.
[   +1 ms] The configuration detachedConfiguration2 is both resolvable and consumable. This is considered a legacy configuration and it will eventually only be possible to be one of these.
[        ] The configuration detachedConfiguration2 is both consumable and declarable. This combination is incorrect, only one of these flags should be set.
[   +1 ms] The configuration :gradle:classpath is both resolvable and consumable. This is considered a legacy configuration and it will eventually only be possible to be one of these.
[   +1 ms] The configuration :gradle:classpath is both consumable and declarable. This combination is incorrect, only one of these flags should be set.
[   +1 ms] The configuration :gradle:classpath is both resolvable and consumable. This is considered a legacy configuration and it will eventually only be possible to be one of these.
[        ] The configuration :gradle:classpath is both consumable and declarable. This combination is incorrect, only one of these flags should be set.
[ +861 ms] Build 530a4a78-60f6-4796-85e4-24f9f9d1966d is started
[   +5 ms] Using Kotlin Gradle Plugin gradle80 variant
[ +794 ms] kotlin scripting plugin: created the scripting discovery configuration: kotlinScriptDef
[        ] kotlin scripting plugin: created the scripting discovery configuration: testKotlinScriptDef
[ +200 ms] WARNING: Unsupported Kotlin plugin version.
[        ] The `embedded-kotlin` and `kotlin-dsl` plugins rely on features of Kotlin `1.8.10` that might work differently than in the requested version `2.2.20`.
[ +100 ms] file or directory '/home/codespace/flutter/packages/flutter_tools/gradle/src/main/resources', not found
[        ] file or directory '/home/codespace/flutter/packages/flutter_tools/gradle/src/main/java', not found
[        ] file or directory '/home/codespace/flutter/packages/flutter_tools/gradle/src/main/groovy', not found
[ +200 ms] Caching disabled for Kotlin DSL accessors for project ':gradle' because:
[   +1 ms]   Build cache is disabled
[   +1 ms] Skipping Kotlin DSL accessors for project ':gradle' as it is up-to-date.
[  +95 ms] Caching disabled for Kotlin DSL script compilation (Project/TopLevel/stage2) because:
[   +2 ms]   Build cache is disabled
[   +1 ms] Skipping Kotlin DSL script compilation (Project/TopLevel/stage2) as it is up-to-date.
[ +596 ms] The configuration detachedConfiguration1 is both resolvable and consumable. This is considered a legacy configuration and it will eventually only be possible to be one of these.
[   +3 ms] The configuration detachedConfiguration1 is both consumable and declarable. This combination is incorrect, only one of these flags should be set.
[   +2 ms] The configuration detachedConfiguration1 is both resolvable and consumable. This is considered a legacy configuration and it will eventually only be possible to be one of these.
[   +2 ms] The configuration detachedConfiguration1 is both consumable and declarable. This combination is incorrect, only one of these flags should be set.
[        ] The configuration detachedConfiguration2 is both resolvable and consumable. This is considered a legacy configuration and it will eventually only be possible to be one of these.
[   +1 ms] The configuration detachedConfiguration2 is both consumable and declarable. This combination is incorrect, only one of these flags should be set.
[   +1 ms] The configuration detachedConfiguration2 is both resolvable and consumable. This is considered a legacy configuration and it will eventually only be possible to be one of these.
[   +1 ms] The configuration detachedConfiguration2 is both consumable and declarable. This combination is incorrect, only one of these flags should be set.
[   +2 ms] The configuration classpath is both resolvable and consumable. This is considered a legacy configuration and it will eventually only be possible to be one of these.
[        ] The configuration classpath is both consumable and declarable. This combination is incorrect, only one of these flags should be set.
[  +86 ms] The configuration :gradle:embeddedKotlin is both resolvable and consumable. This is considered a legacy configuration and it will eventually only be possible to be one of these.
[   +1 ms] The configuration :gradle:embeddedKotlin is both consumable and declarable. This combination is incorrect, only one of these flags should be set.
[   +1 ms] The configuration :gradle:mainSourceElements is both consumable and declarable. This combination is incorrect, only one of these flags should be set.
[   +1 ms] The configuration :gradle:testResultsElementsForTest is both consumable and declarable. This combination is incorrect, only one of these flags should be set.
[ +392 ms] Resolve mutations for :gradle:checkKotlinGradlePluginConfigurationErrors (Thread[included builds,5,main]) started.
[   +1 ms] :gradle:checkKotlinGradlePluginConfigurationErrors (Thread[Execution worker,5,main]) started.
[  +98 ms] > Task :gradle:checkKotlinGradlePluginConfigurationErrors SKIPPED
[   +2 ms] Skipping task ':gradle:checkKotlinGradlePluginConfigurationErrors' as task onlyIf 'errorDiagnostics are present' is false.
[   +2 ms] Resolve mutations for :gradle:compileKotlin (Thread[included builds,5,main]) started.
[   +2 ms] :gradle:compileKotlin (Thread[Execution worker,5,main]) started.
[ +994 ms] Resolve mutations for :gradle:pluginDescriptors (Thread[included builds,5,main]) started.
[   +1 ms] :gradle:pluginDescriptors (Thread[included builds,5,main]) started.
[   +3 ms] > Task :gradle:pluginDescriptors UP-TO-DATE
[   +1 ms] Caching disabled for task ':gradle:pluginDescriptors' because:
[   +2 ms]   Build cache is disabled
[        ] Skipping task ':gradle:pluginDescriptors' as it is up-to-date.
[        ] Resolve mutations for :gradle:processResources (Thread[included builds,5,main]) started.
[   +1 ms] :gradle:processResources (Thread[included builds,5,main]) started.
[  +95 ms] > Task :gradle:processResources UP-TO-DATE
[   +3 ms] Caching disabled for task ':gradle:processResources' because:
[   +2 ms]   Build cache is disabled
[   +1 ms] Skipping task ':gradle:processResources' as it is up-to-date.
[ +886 ms] > Task :gradle:compileKotlin
[   +1 ms] Deleting stale output file: /home/codespace/flutter/packages/flutter_tools/gradle/build/kotlin/compileKotlin/classpath-snapshot
[        ] Deleting stale output file: /home/codespace/flutter/packages/flutter_tools/gradle/build/classes/kotlin/main
[        ] Deleting stale output file: /home/codespace/flutter/packages/flutter_tools/gradle/build/kotlin/compileKotlin/cacheable
[        ] Transforming gradle-api-8.0.jar with BuildToolsApiClasspathEntrySnapshotTransform
[   +6 ms] Transforming groovy-3.0.13.jar with BuildToolsApiClasspathEntrySnapshotTransform
[   +1 ms] Transforming groovy-ant-3.0.13.jar with BuildToolsApiClasspathEntrySnapshotTransform
[   +1 ms] Transforming groovy-astbuilder-3.0.13.jar with BuildToolsApiClasspathEntrySnapshotTransform
[   +1 ms] Transforming groovy-console-3.0.13.jar with BuildToolsApiClasspathEntrySnapshotTransform
[   +2 ms] Transforming groovy-datetime-3.0.13.jar with BuildToolsApiClasspathEntrySnapshotTransform
[        ] Transforming groovy-dateutil-3.0.13.jar with BuildToolsApiClasspathEntrySnapshotTransform
[   +1 ms] Transforming groovy-groovydoc-3.0.13.jar with BuildToolsApiClasspathEntrySnapshotTransform
[   +1 ms] Transforming groovy-json-3.0.13.jar with BuildToolsApiClasspathEntrySnapshotTransform
[   +1 ms] Transforming groovy-nio-3.0.13.jar with BuildToolsApiClasspathEntrySnapshotTransform
[   +2 ms] Transforming groovy-sql-3.0.13.jar with BuildToolsApiClasspathEntrySnapshotTransform
[   +1 ms] Transforming groovy-templates-3.0.13.jar with BuildToolsApiClasspathEntrySnapshotTransform
[   +1 ms] Transforming groovy-test-3.0.13.jar with BuildToolsApiClasspathEntrySnapshotTransform
[   +1 ms] Transforming groovy-xml-3.0.13.jar with BuildToolsApiClasspathEntrySnapshotTransform
[   +1 ms] Transforming javaparser-core-3.17.0.jar with BuildToolsApiClasspathEntrySnapshotTransform
[   +1 ms] Transforming kotlin-stdlib-1.8.10.jar with BuildToolsApiClasspathEntrySnapshotTransform
[   +1 ms] Transforming kotlin-stdlib-common-1.8.10.jar with BuildToolsApiClasspathEntrySnapshotTransform
[   +2 ms] Transforming kotlin-reflect-1.8.10.jar with BuildToolsApiClasspathEntrySnapshotTransform
[   +1 ms] Transforming kotlin-stdlib-jdk7-1.8.10.jar with BuildToolsApiClasspathEntrySnapshotTransform
[   +1 ms] Transforming kotlin-stdlib-jdk8-1.8.10.jar with BuildToolsApiClasspathEntrySnapshotTransform
[   +1 ms] Transforming gradle-installation-beacon-8.0.jar with BuildToolsApiClasspathEntrySnapshotTransform
[   +2 ms] Transforming gradle-kotlin-dsl-extensions-8.0.jar with BuildToolsApiClasspathEntrySnapshotTransform
[   +3 ms] Transforming gradle-kotlin-dsl-8.0.jar with BuildToolsApiClasspathEntrySnapshotTransform
[        ] Transforming gradle-kotlin-dsl-tooling-models-8.0.jar with BuildToolsApiClasspathEntrySnapshotTransform
[        ] Transforming annotation-jvm-1.9.1.jar with BuildToolsApiClasspathEntrySnapshotTransform
[   +1 ms] Transforming gradle-8.11.1.jar with BuildToolsApiClasspathEntrySnapshotTransform
[   +2 ms] Transforming kotlin-reflect-1.8.10.jar with BuildToolsApiClasspathEntrySnapshotTransform
[   +1 ms] Caching disabled for BuildToolsApiClasspathEntrySnapshotTransform: /home/codespace/.gradle/caches/8.0/generated-gradle-jars/gradle-api-8.0.jar because:
[   +1 ms]   Build cache is disabled
[   +1 ms] Skipping BuildToolsApiClasspathEntrySnapshotTransform: /home/codespace/.gradle/caches/8.0/generated-gradle-jars/gradle-api-8.0.jar as it is up-to-date.
[   +3 ms] Transforming kotlin-stdlib-jdk7-1.8.10.jar with BuildToolsApiClasspathEntrySnapshotTransform
[   +1 ms] Transforming kotlinx-serialization-json-jvm-1.4.0.jar with BuildToolsApiClasspathEntrySnapshotTransform
[   +1 ms] Transforming kotlinx-serialization-core-jvm-1.4.0.jar with BuildToolsApiClasspathEntrySnapshotTransform
[   +1 ms] Transforming kotlin-stdlib-1.9.24.jar with BuildToolsApiClasspathEntrySnapshotTransform
[   +1 ms] Transforming kotlin-stdlib-jdk8-1.8.10.jar with BuildToolsApiClasspathEntrySnapshotTransform
[   +1 ms] Transforming kotlin-gradle-plugin-model-2.0.0.jar with BuildToolsApiClasspathEntrySnapshotTransform
[   +1 ms] Transforming kotlin-gradle-plugin-api-2.0.0.jar with BuildToolsApiClasspathEntrySnapshotTransform
[   +1 ms] Transforming kotlin-gradle-plugin-2.0.0-gradle80.jar with BuildToolsApiClasspathEntrySnapshotTransform
[   +1 ms] Transforming builder-8.11.1.jar with BuildToolsApiClasspathEntrySnapshotTransform
[   +1 ms] Transforming builder-model-8.11.1.jar with BuildToolsApiClasspathEntrySnapshotTransform
[        ] Transforming gradle-api-8.11.1.jar with BuildToolsApiClasspathEntrySnapshotTransform
[   +1 ms] Transforming annotations-13.0.jar with BuildToolsApiClasspathEntrySnapshotTransform
[   +1 ms] Transforming manifest-merger-31.11.1.jar with BuildToolsApiClasspathEntrySnapshotTransform
[   +1 ms] Transforming zipflinger-8.11.1.jar with BuildToolsApiClasspathEntrySnapshotTransform
[   +1 ms] Transforming apksig-8.11.1.jar with BuildToolsApiClasspathEntrySnapshotTransform
[   +1 ms] Transforming apkzlib-8.11.1.jar with BuildToolsApiClasspathEntrySnapshotTransform
[   +1 ms] Transforming javawriter-2.5.0.jar with BuildToolsApiClasspathEntrySnapshotTransform
[   +1 ms] Transforming asm-9.7.1.jar with BuildToolsApiClasspathEntrySnapshotTransform
[   +2 ms] Transforming kotlin-gradle-plugin-annotations-2.0.0.jar with BuildToolsApiClasspathEntrySnapshotTransform
[   +3 ms] Transforming kotlin-native-utils-2.0.0.jar with BuildToolsApiClasspathEntrySnapshotTransform
[   +1 ms] Transforming kotlin-tooling-core-2.0.0.jar with BuildToolsApiClasspathEntrySnapshotTransform
[        ] Transforming kotlin-util-klib-2.0.0.jar with BuildToolsApiClasspathEntrySnapshotTransform
[        ] Transforming kotlin-util-io-2.0.0.jar with BuildToolsApiClasspathEntrySnapshotTransform
[        ] Caching disabled for BuildToolsApiClasspathEntrySnapshotTransform: /home/codespace/.gradle/wrapper/dists/gradle-8.0-all/a2o1xoguejy6msdh0lk99lxza/gradle-8.0/lib/gradle-installation-beacon-8.0.jar because:
[   +2 ms]   Build cache is disabled
[        ] Skipping BuildToolsApiClasspathEntrySnapshotTransform: /home/codespace/.gradle/wrapper/dists/gradle-8.0-all/a2o1xoguejy6msdh0lk99lxza/gradle-8.0/lib/gradle-installation-beacon-8.0.jar as it is up-to-date.
[   +1 ms] Caching disabled for BuildToolsApiClasspathEntrySnapshotTransform: /home/codespace/.gradle/caches/8.0/generated-gradle-jars/gradle-kotlin-dsl-extensions-8.0.jar because:
[   +1 ms]   Build cache is disabled
[        ] Skipping BuildToolsApiClasspathEntrySnapshotTransform: /home/codespace/.gradle/caches/8.0/generated-gradle-jars/gradle-kotlin-dsl-extensions-8.0.jar as it is up-to-date.
[   +1 ms] Caching disabled for BuildToolsApiClasspathEntrySnapshotTransform: /home/codespace/.gradle/wrapper/dists/gradle-8.0-all/a2o1xoguejy6msdh0lk99lxza/gradle-8.0/lib/gradle-kotlin-dsl-8.0.jar because:
[   +1 ms]   Build cache is disabled
[   +2 ms] Skipping BuildToolsApiClasspathEntrySnapshotTransform: /home/codespace/.gradle/wrapper/dists/gradle-8.0-all/a2o1xoguejy6msdh0lk99lxza/gradle-8.0/lib/gradle-kotlin-dsl-8.0.jar as it is up-to-date.
[   +1 ms] Caching disabled for BuildToolsApiClasspathEntrySnapshotTransform: /home/codespace/.gradle/wrapper/dists/gradle-8.0-all/a2o1xoguejy6msdh0lk99lxza/gradle-8.0/lib/gradle-kotlin-dsl-tooling-models-8.0.jar because:
[   +1 ms]   Build cache is disabled
[   +1 ms] Skipping BuildToolsApiClasspathEntrySnapshotTransform: /home/codespace/.gradle/wrapper/dists/gradle-8.0-all/a2o1xoguejy6msdh0lk99lxza/gradle-8.0/lib/gradle-kotlin-dsl-tooling-models-8.0.jar as it is up-to-date.
[   +1 ms] Caching disabled for BuildToolsApiClasspathEntrySnapshotTransform: /home/codespace/.gradle/caches/modules-2/files-2.1/androidx.annotation/annotation-jvm/1.9.1/b17951747e38bf3986a24431b9ba0d039958aa5f/annotation-jvm-1.9.1.jar because:
[   +2 ms]   Build cache is disabled
[   +1 ms] Skipping BuildToolsApiClasspathEntrySnapshotTransform: /home/codespace/.gradle/caches/modules-2/files-2.1/androidx.annotation/annotation-jvm/1.9.1/b17951747e38bf3986a24431b9ba0d039958aa5f/annotation-jvm-1.9.1.jar as it is up-to-date.
[   +1 ms] Caching disabled for BuildToolsApiClasspathEntrySnapshotTransform: /home/codespace/.gradle/caches/modules-2/files-2.1/com.android.tools.build/gradle/8.11.1/7861a99a64716fd75ce85a3c7e2fcb3a9e928857/gradle-8.11.1.jar because:
[   +1 ms]   Build cache is disabled
[   +2 ms] Skipping BuildToolsApiClasspathEntrySnapshotTransform: /home/codespace/.gradle/caches/modules-2/files-2.1/com.android.tools.build/gradle/8.11.1/7861a99a64716fd75ce85a3c7e2fcb3a9e928857/gradle-8.11.1.jar as it is up-to-date.
[   +1 ms] Caching disabled for BuildToolsApiClasspathEntrySnapshotTransform: /home/codespace/.gradle/caches/modules-2/files-2.1/org.jetbrains.kotlin/kotlin-stdlib-jdk7/1.8.10/cb726a23c808a850a43e7d6b9d1ba91b02fe9f05/kotlin-stdlib-jdk7-1.8.10.jar because:
[   +1 ms]   Build cache is disabled
[   +3 ms] Skipping BuildToolsApiClasspathEntrySnapshotTransform: /home/codespace/.gradle/caches/modules-2/files-2.1/org.jetbrains.kotlin/kotlin-stdlib-jdk7/1.8.10/cb726a23c808a850a43e7d6b9d1ba91b02fe9f05/kotlin-stdlib-jdk7-1.8.10.jar as it is up-to-date.
[   +2 ms] Caching disabled for BuildToolsApiClasspathEntrySnapshotTransform: /home/codespace/.gradle/caches/modules-2/files-2.1/org.jetbrains.kotlin/kotlin-reflect/1.8.10/1e90b778ea4669b6bcbfaca57313665ddd804779/kotlin-reflect-1.8.10.jar because:
[   +1 ms]   Build cache is disabled
[   +1 ms] Skipping BuildToolsApiClasspathEntrySnapshotTransform: /home/codespace/.gradle/caches/modules-2/files-2.1/org.jetbrains.kotlin/kotlin-reflect/1.8.10/1e90b778ea4669b6bcbfaca57313665ddd804779/kotlin-reflect-1.8.10.jar as it is up-to-date.
[   +1 ms] Caching disabled for BuildToolsApiClasspathEntrySnapshotTransform: /home/codespace/.gradle/caches/modules-2/files-2.1/org.jetbrains.kotlinx/kotlinx-serialization-json-jvm/1.4.0/cfa3e57d044a20e5c9e4561a997df823e2f1c81a/kotlinx-serialization-json-jvm-1.4.0.jar because:
[   +1 ms]   Build cache is disabled
[   +1 ms] Skipping BuildToolsApiClasspathEntrySnapshotTransform: /home/codespace/.gradle/caches/modules-2/files-2.1/org.jetbrains.kotlinx/kotlinx-serialization-json-jvm/1.4.0/cfa3e57d044a20e5c9e4561a997df823e2f1c81a/kotlinx-serialization-json-jvm-1.4.0.jar as it is up-to-date.
[        ] Caching disabled for BuildToolsApiClasspathEntrySnapshotTransform: /home/codespace/.gradle/caches/modules-2/files-2.1/org.jetbrains.kotlinx/kotlinx-serialization-core-jvm/1.4.0/9b00d574374ae0201a505ab54c7744586866dc27/kotlinx-serialization-core-jvm-1.4.0.jar because:
[   +1 ms]   Build cache is disabled
[        ] Skipping BuildToolsApiClasspathEntrySnapshotTransform: /home/codespace/.gradle/caches/modules-2/files-2.1/org.jetbrains.kotlinx/kotlinx-serialization-core-jvm/1.4.0/9b00d574374ae0201a505ab54c7744586866dc27/kotlinx-serialization-core-jvm-1.4.0.jar as it is up-to-date.
[   +1 ms] Caching disabled for BuildToolsApiClasspathEntrySnapshotTransform: /home/codespace/.gradle/caches/modules-2/files-2.1/org.jetbrains.kotlin/kotlin-stdlib/1.9.24/9928532f12c66ad816a625b3f9984f8368ca6d2b/kotlin-stdlib-1.9.24.jar because:
[   +1 ms]   Build cache is disabled
[   +1 ms] Skipping BuildToolsApiClasspathEntrySnapshotTransform: /home/codespace/.gradle/caches/modules-2/files-2.1/org.jetbrains.kotlin/kotlin-stdlib/1.9.24/9928532f12c66ad816a625b3f9984f8368ca6d2b/kotlin-stdlib-1.9.24.jar as it is up-to-date.
[   +2 ms] Caching disabled for BuildToolsApiClasspathEntrySnapshotTransform: /home/codespace/.gradle/caches/modules-2/files-2.1/org.jetbrains.kotlin/kotlin-stdlib-jdk8/1.8.10/7c002ac41f547a82e81dfebd2a20577a738dbf3f/kotlin-stdlib-jdk8-1.8.10.jar because:
[        ]   Build cache is disabled
[   +1 ms] Skipping BuildToolsApiClasspathEntrySnapshotTransform: /home/codespace/.gradle/caches/modules-2/files-2.1/org.jetbrains.kotlin/kotlin-stdlib-jdk8/1.8.10/7c002ac41f547a82e81dfebd2a20577a738dbf3f/kotlin-stdlib-jdk8-1.8.10.jar as it is up-to-date.
[   +1 ms] Caching disabled for BuildToolsApiClasspathEntrySnapshotTransform: /home/codespace/.gradle/caches/modules-2/files-2.1/org.jetbrains.kotlin/kotlin-gradle-plugin-model/2.0.0/3dba7d4ff1b25d86d56074671a2024859e8c7541/kotlin-gradle-plugin-model-2.0.0.jar because:
[   +3 ms]   Build cache is disabled
[        ] Skipping BuildToolsApiClasspathEntrySnapshotTransform: /home/codespace/.gradle/caches/modules-2/files-2.1/org.jetbrains.kotlin/kotlin-gradle-plugin-model/2.0.0/3dba7d4ff1b25d86d56074671a2024859e8c7541/kotlin-gradle-plugin-model-2.0.0.jar as it is up-to-date.
[   +1 ms] Caching disabled for BuildToolsApiClasspathEntrySnapshotTransform: /home/codespace/.gradle/caches/modules-2/files-2.1/org.jetbrains.kotlin/kotlin-gradle-plugin-api/2.0.0/2862373ec25875028a85c3bc3d48f94239ff30af/kotlin-gradle-plugin-api-2.0.0.jar because:
[   +2 ms]   Build cache is disabled
[   +1 ms] Skipping BuildToolsApiClasspathEntrySnapshotTransform: /home/codespace/.gradle/caches/modules-2/files-2.1/org.jetbrains.kotlin/kotlin-gradle-plugin-api/2.0.0/2862373ec25875028a85c3bc3d48f94239ff30af/kotlin-gradle-plugin-api-2.0.0.jar as it is up-to-date.
[   +2 ms] Caching disabled for BuildToolsApiClasspathEntrySnapshotTransform: /home/codespace/.gradle/caches/modules-2/files-2.1/org.jetbrains.kotlin/kotlin-gradle-plugin/2.0.0/d41dd10c036851a4eb5c64345404a9462c902c76/kotlin-gradle-plugin-2.0.0-gradle80.jar because:
[   +5 ms]   Build cache is disabled
[   +1 ms] Skipping BuildToolsApiClasspathEntrySnapshotTransform: /home/codespace/.gradle/caches/modules-2/files-2.1/org.jetbrains.kotlin/kotlin-gradle-plugin/2.0.0/d41dd10c036851a4eb5c64345404a9462c902c76/kotlin-gradle-plugin-2.0.0-gradle80.jar as it is up-to-date.
[   +2 ms] Caching disabled for BuildToolsApiClasspathEntrySnapshotTransform: /home/codespace/.gradle/caches/modules-2/files-2.1/com.android.tools.build/builder/8.11.1/52ae05e99786bd491ad363825acbc2476c8b905/builder-8.11.1.jar because:
[   +1 ms]   Build cache is disabled
[   +1 ms] Skipping BuildToolsApiClasspathEntrySnapshotTransform: /home/codespace/.gradle/caches/modules-2/files-2.1/com.android.tools.build/builder/8.11.1/52ae05e99786bd491ad363825acbc2476c8b905/builder-8.11.1.jar as it is up-to-date.
[   +1 ms] Caching disabled for BuildToolsApiClasspathEntrySnapshotTransform: /home/codespace/.gradle/caches/modules-2/files-2.1/com.android.tools.build/builder-model/8.11.1/6888ed42b8bcc73e3a378048263d2cad36707494/builder-model-8.11.1.jar because:
[   +1 ms]   Build cache is disabled
[   +1 ms] Skipping BuildToolsApiClasspathEntrySnapshotTransform: /home/codespace/.gradle/caches/modules-2/files-2.1/com.android.tools.build/builder-model/8.11.1/6888ed42b8bcc73e3a378048263d2cad36707494/builder-model-8.11.1.jar as it is up-to-date.
[   +1 ms] Caching disabled for BuildToolsApiClasspathEntrySnapshotTransform: /home/codespace/.gradle/caches/modules-2/files-2.1/com.android.tools.build/gradle-api/8.11.1/e0ce2faa3fe7331e1e6855e5aa699c650f6d56c3/gradle-api-8.11.1.jar because:
[   +1 ms]   Build cache is disabled
[   +1 ms] Skipping BuildToolsApiClasspathEntrySnapshotTransform: /home/codespace/.gradle/caches/modules-2/files-2.1/com.android.tools.build/gradle-api/8.11.1/e0ce2faa3fe7331e1e6855e5aa699c650f6d56c3/gradle-api-8.11.1.jar as it is up-to-date.
[   +2 ms] Caching disabled for BuildToolsApiClasspathEntrySnapshotTransform: /home/codespace/.gradle/caches/modules-2/files-2.1/org.jetbrains/annotations/13.0/919f0dfe192fb4e063e7dacadee7f8bb9a2672a9/annotations-13.0.jar because:
[   +1 ms]   Build cache is disabled
[   +1 ms] Skipping BuildToolsApiClasspathEntrySnapshotTransform: /home/codespace/.gradle/caches/modules-2/files-2.1/org.jetbrains/annotations/13.0/919f0dfe192fb4e063e7dacadee7f8bb9a2672a9/annotations-13.0.jar as it is up-to-date.
[   +1 ms] Caching disabled for BuildToolsApiClasspathEntrySnapshotTransform: /home/codespace/.gradle/caches/modules-2/files-2.1/com.android.tools.build/manifest-merger/31.11.1/2eb20f98b2e71c3a1a2ebe675910e6958a7e1b78/manifest-merger-31.11.1.jar because:
[   +1 ms]   Build cache is disabled
[   +1 ms] Skipping BuildToolsApiClasspathEntrySnapshotTransform: /home/codespace/.gradle/caches/modules-2/files-2.1/com.android.tools.build/manifest-merger/31.11.1/2eb20f98b2e71c3a1a2ebe675910e6958a7e1b78/manifest-merger-31.11.1.jar as it is up-to-date.
[   +1 ms] Caching disabled for BuildToolsApiClasspathEntrySnapshotTransform: /home/codespace/.gradle/caches/modules-2/files-2.1/com.android/zipflinger/8.11.1/3a3b1786c331db72b9610eb1f68f0ec1ec9a1f/zipflinger-8.11.1.jar because:
[   +1 ms]   Build cache is disabled
[   +2 ms] Skipping BuildToolsApiClasspathEntrySnapshotTransform: /home/codespace/.gradle/caches/modules-2/files-2.1/com.android/zipflinger/8.11.1/3a3b1786c331db72b9610eb1f68f0ec1ec9a1f/zipflinger-8.11.1.jar as it is up-to-date.
[        ] Caching disabled for BuildToolsApiClasspathEntrySnapshotTransform: /home/codespace/.gradle/caches/modules-2/files-2.1/com.android.tools.build/apkzlib/8.11.1/ea2327cd7a67c0fc9a4d26f035b922dff11c7219/apkzlib-8.11.1.jar because:
[        ]   Build cache is disabled
[        ] Skipping BuildToolsApiClasspathEntrySnapshotTransform: /home/codespace/.gradle/caches/modules-2/files-2.1/com.android.tools.build/apkzlib/8.11.1/ea2327cd7a67c0fc9a4d26f035b922dff11c7219/apkzlib-8.11.1.jar as it is up-to-date.
[        ] Caching disabled for BuildToolsApiClasspathEntrySnapshotTransform: /home/codespace/.gradle/caches/modules-2/files-2.1/com.android.tools.build/apksig/8.11.1/f005788487574c7d6ba23dea63bf8cb3a4f164a6/apksig-8.11.1.jar because:
[        ]   Build cache is disabled
[        ] Skipping BuildToolsApiClasspathEntrySnapshotTransform: /home/codespace/.gradle/caches/modules-2/files-2.1/com.android.tools.build/apksig/8.11.1/f005788487574c7d6ba23dea63bf8cb3a4f164a6/apksig-8.11.1.jar as it is up-to-date.
[        ] Caching disabled for BuildToolsApiClasspathEntrySnapshotTransform: /home/codespace/.gradle/caches/modules-2/files-2.1/com.squareup/javawriter/2.5.0/81241ff7078ef14f42ea2a8995fa09c096256e6b/javawriter-2.5.0.jar because:
[        ]   Build cache is disabled
[        ] Skipping BuildToolsApiClasspathEntrySnapshotTransform: /home/codespace/.gradle/caches/modules-2/files-2.1/com.squareup/javawriter/2.5.0/81241ff7078ef14f42ea2a8995fa09c096256e6b/javawriter-2.5.0.jar as it is up-to-date.
[        ] Caching disabled for BuildToolsApiClasspathEntrySnapshotTransform: /home/codespace/.gradle/caches/modules-2/files-2.1/org.ow2.asm/asm/9.7.1/f0ed132a49244b042cd0e15702ab9f2ce3cc8436/asm-9.7.1.jar because:
[   +1 ms]   Build cache is disabled
[        ] Skipping BuildToolsApiClasspathEntrySnapshotTransform: /home/codespace/.gradle/caches/modules-2/files-2.1/org.ow2.asm/asm/9.7.1/f0ed132a49244b042cd0e15702ab9f2ce3cc8436/asm-9.7.1.jar as it is up-to-date.
[        ] Caching disabled for BuildToolsApiClasspathEntrySnapshotTransform: /home/codespace/.gradle/caches/modules-2/files-2.1/org.jetbrains.kotlin/kotlin-gradle-plugin-annotations/2.0.0/4d00ed44eb30a888234724ba8ff46e1ed5c1546d/kotlin-gradle-plugin-annotations-2.0.0.jar because:
[        ]   Build cache is disabled
[        ] Skipping BuildToolsApiClasspathEntrySnapshotTransform: /home/codespace/.gradle/caches/modules-2/files-2.1/org.jetbrains.kotlin/kotlin-gradle-plugin-annotations/2.0.0/4d00ed44eb30a888234724ba8ff46e1ed5c1546d/kotlin-gradle-plugin-annotations-2.0.0.jar as it is up-to-date.
[   +2 ms] Caching disabled for BuildToolsApiClasspathEntrySnapshotTransform: /home/codespace/.gradle/caches/modules-2/files-2.1/org.jetbrains.kotlin/kotlin-native-utils/2.0.0/39f2424147119236d6357382a4596c5104206223/kotlin-native-utils-2.0.0.jar because:
[   +1 ms]   Build cache is disabled
[   +1 ms] Skipping BuildToolsApiClasspathEntrySnapshotTransform: /home/codespace/.gradle/caches/modules-2/files-2.1/org.jetbrains.kotlin/kotlin-native-utils/2.0.0/39f2424147119236d6357382a4596c5104206223/kotlin-native-utils-2.0.0.jar as it is up-to-date.
[        ] Caching disabled for BuildToolsApiClasspathEntrySnapshotTransform: /home/codespace/.gradle/caches/modules-2/files-2.1/org.jetbrains.kotlin/kotlin-tooling-core/2.0.0/1ac0c3686d77f70bc5981872121d812dc8182935/kotlin-tooling-core-2.0.0.jar because:
[        ]   Build cache is disabled
[        ] Skipping BuildToolsApiClasspathEntrySnapshotTransform: /home/codespace/.gradle/caches/modules-2/files-2.1/org.jetbrains.kotlin/kotlin-tooling-core/2.0.0/1ac0c3686d77f70bc5981872121d812dc8182935/kotlin-tooling-core-2.0.0.jar as it is up-to-date.
[        ] Caching disabled for BuildToolsApiClasspathEntrySnapshotTransform: /home/codespace/.gradle/caches/modules-2/files-2.1/org.jetbrains.kotlin/kotlin-util-klib/2.0.0/46dc3eecb38a50482064a141d457e25f66c74751/kotlin-util-klib-2.0.0.jar because:
[        ]   Build cache is disabled
[        ] Skipping BuildToolsApiClasspathEntrySnapshotTransform: /home/codespace/.gradle/caches/modules-2/files-2.1/org.jetbrains.kotlin/kotlin-util-klib/2.0.0/46dc3eecb38a50482064a141d457e25f66c74751/kotlin-util-klib-2.0.0.jar as it is up-to-date.
[        ] Caching disabled for BuildToolsApiClasspathEntrySnapshotTransform: /home/codespace/.gradle/caches/modules-2/files-2.1/org.jetbrains.kotlin/kotlin-util-io/2.0.0/b99cf9311bece174111296392b11c662b5fc1949/kotlin-util-io-2.0.0.jar because:
[   +1 ms]   Build cache is disabled
[   +1 ms] Skipping BuildToolsApiClasspathEntrySnapshotTransform: /home/codespace/.gradle/caches/modules-2/files-2.1/org.jetbrains.kotlin/kotlin-util-io/2.0.0/b99cf9311bece174111296392b11c662b5fc1949/kotlin-util-io-2.0.0.jar as it is up-to-date.
[   +1 ms] Caching disabled for BuildToolsApiClasspathEntrySnapshotTransform: /home/codespace/.gradle/wrapper/dists/gradle-8.0-all/a2o1xoguejy6msdh0lk99lxza/gradle-8.0/lib/kotlin-stdlib-common-1.8.10.jar because:
[   +3 ms]   Build cache is disabled
[        ] Skipping BuildToolsApiClasspathEntrySnapshotTransform: /home/codespace/.gradle/wrapper/dists/gradle-8.0-all/a2o1xoguejy6msdh0lk99lxza/gradle-8.0/lib/kotlin-stdlib-common-1.8.10.jar as it is up-to-date.
[        ] Caching disabled for BuildToolsApiClasspathEntrySnapshotTransform: /home/codespace/.gradle/wrapper/dists/gradle-8.0-all/a2o1xoguejy6msdh0lk99lxza/gradle-8.0/lib/kotlin-stdlib-1.8.10.jar because:
[   +2 ms]   Build cache is disabled
[   +1 ms] Skipping BuildToolsApiClasspathEntrySnapshotTransform: /home/codespace/.gradle/wrapper/dists/gradle-8.0-all/a2o1xoguejy6msdh0lk99lxza/gradle-8.0/lib/kotlin-stdlib-1.8.10.jar as it is up-to-date.
[        ] Caching disabled for BuildToolsApiClasspathEntrySnapshotTransform: /home/codespace/.gradle/wrapper/dists/gradle-8.0-all/a2o1xoguejy6msdh0lk99lxza/gradle-8.0/lib/javaparser-core-3.17.0.jar because:
[   +1 ms]   Build cache is disabled
[        ] Skipping BuildToolsApiClasspathEntrySnapshotTransform: /home/codespace/.gradle/wrapper/dists/gradle-8.0-all/a2o1xoguejy6msdh0lk99lxza/gradle-8.0/lib/javaparser-core-3.17.0.jar as it is up-to-date.
[   +1 ms] Caching disabled for BuildToolsApiClasspathEntrySnapshotTransform: /home/codespace/.gradle/wrapper/dists/gradle-8.0-all/a2o1xoguejy6msdh0lk99lxza/gradle-8.0/lib/groovy-3.0.13.jar because:
[        ]   Build cache is disabled
[        ] Skipping BuildToolsApiClasspathEntrySnapshotTransform: /home/codespace/.gradle/wrapper/dists/gradle-8.0-all/a2o1xoguejy6msdh0lk99lxza/gradle-8.0/lib/groovy-3.0.13.jar as it is up-to-date.
[        ] Caching disabled for BuildToolsApiClasspathEntrySnapshotTransform: /home/codespace/.gradle/wrapper/dists/gradle-8.0-all/a2o1xoguejy6msdh0lk99lxza/gradle-8.0/lib/groovy-xml-3.0.13.jar because:
[        ]   Build cache is disabled
[        ] Skipping BuildToolsApiClasspathEntrySnapshotTransform: /home/codespace/.gradle/wrapper/dists/gradle-8.0-all/a2o1xoguejy6msdh0lk99lxza/gradle-8.0/lib/groovy-xml-3.0.13.jar as it is up-to-date.
[   +1 ms] Caching disabled for BuildToolsApiClasspathEntrySnapshotTransform: /home/codespace/.gradle/wrapper/dists/gradle-8.0-all/a2o1xoguejy6msdh0lk99lxza/gradle-8.0/lib/groovy-groovydoc-3.0.13.jar because:
[        ]   Build cache is disabled
[   +1 ms] Skipping BuildToolsApiClasspathEntrySnapshotTransform: /home/codespace/.gradle/wrapper/dists/gradle-8.0-all/a2o1xoguejy6msdh0lk99lxza/gradle-8.0/lib/groovy-groovydoc-3.0.13.jar as it is up-to-date.
[   +1 ms] Caching disabled for BuildToolsApiClasspathEntrySnapshotTransform: /home/codespace/.gradle/wrapper/dists/gradle-8.0-all/a2o1xoguejy6msdh0lk99lxza/gradle-8.0/lib/groovy-dateutil-3.0.13.jar because:
[   +1 ms]   Build cache is disabled
[   +2 ms] Skipping BuildToolsApiClasspathEntrySnapshotTransform: /home/codespace/.gradle/wrapper/dists/gradle-8.0-all/a2o1xoguejy6msdh0lk99lxza/gradle-8.0/lib/groovy-dateutil-3.0.13.jar as it is up-to-date.
[   +1 ms] Caching disabled for BuildToolsApiClasspathEntrySnapshotTransform: /home/codespace/.gradle/wrapper/dists/gradle-8.0-all/a2o1xoguejy6msdh0lk99lxza/gradle-8.0/lib/groovy-datetime-3.0.13.jar because:
[   +1 ms]   Build cache is disabled
[   +1 ms] Skipping BuildToolsApiClasspathEntrySnapshotTransform: /home/codespace/.gradle/wrapper/dists/gradle-8.0-all/a2o1xoguejy6msdh0lk99lxza/gradle-8.0/lib/groovy-datetime-3.0.13.jar as it is up-to-date.
[   +1 ms] Caching disabled for BuildToolsApiClasspathEntrySnapshotTransform: /home/codespace/.gradle/wrapper/dists/gradle-8.0-all/a2o1xoguejy6msdh0lk99lxza/gradle-8.0/lib/groovy-test-3.0.13.jar because:
[   +2 ms]   Build cache is disabled
[   +1 ms] Skipping BuildToolsApiClasspathEntrySnapshotTransform: /home/codespace/.gradle/wrapper/dists/gradle-8.0-all/a2o1xoguejy6msdh0lk99lxza/gradle-8.0/lib/groovy-test-3.0.13.jar as it is up-to-date.
[        ] Caching disabled for BuildToolsApiClasspathEntrySnapshotTransform: /home/codespace/.gradle/wrapper/dists/gradle-8.0-all/a2o1xoguejy6msdh0lk99lxza/gradle-8.0/lib/groovy-nio-3.0.13.jar because:
[   +1 ms]   Build cache is disabled
[        ] Skipping BuildToolsApiClasspathEntrySnapshotTransform: /home/codespace/.gradle/wrapper/dists/gradle-8.0-all/a2o1xoguejy6msdh0lk99lxza/gradle-8.0/lib/groovy-nio-3.0.13.jar as it is up-to-date.
[   +1 ms] Caching disabled for BuildToolsApiClasspathEntrySnapshotTransform: /home/codespace/.gradle/wrapper/dists/gradle-8.0-all/a2o1xoguejy6msdh0lk99lxza/gradle-8.0/lib/groovy-templates-3.0.13.jar because:
[   +1 ms]   Build cache is disabled
[        ] Skipping BuildToolsApiClasspathEntrySnapshotTransform: /home/codespace/.gradle/wrapper/dists/gradle-8.0-all/a2o1xoguejy6msdh0lk99lxza/gradle-8.0/lib/groovy-templates-3.0.13.jar as it is up-to-date.
[        ] Caching disabled for BuildToolsApiClasspathEntrySnapshotTransform: /home/codespace/.gradle/wrapper/dists/gradle-8.0-all/a2o1xoguejy6msdh0lk99lxza/gradle-8.0/lib/groovy-json-3.0.13.jar because:
[        ]   Build cache is disabled
[        ] Skipping BuildToolsApiClasspathEntrySnapshotTransform: /home/codespace/.gradle/wrapper/dists/gradle-8.0-all/a2o1xoguejy6msdh0lk99lxza/gradle-8.0/lib/groovy-json-3.0.13.jar as it is up-to-date.
[   +1 ms] Caching disabled for BuildToolsApiClasspathEntrySnapshotTransform: /home/codespace/.gradle/wrapper/dists/gradle-8.0-all/a2o1xoguejy6msdh0lk99lxza/gradle-8.0/lib/groovy-sql-3.0.13.jar because:
[   +1 ms]   Build cache is disabled
[   +1 ms] Skipping BuildToolsApiClasspathEntrySnapshotTransform: /home/codespace/.gradle/wrapper/dists/gradle-8.0-all/a2o1xoguejy6msdh0lk99lxza/gradle-8.0/lib/groovy-sql-3.0.13.jar as it is up-to-date.
[   +1 ms] Caching disabled for BuildToolsApiClasspathEntrySnapshotTransform: /home/codespace/.gradle/wrapper/dists/gradle-8.0-all/a2o1xoguejy6msdh0lk99lxza/gradle-8.0/lib/groovy-console-3.0.13.jar because:
[        ]   Build cache is disabled
[        ] Skipping BuildToolsApiClasspathEntrySnapshotTransform: /home/codespace/.gradle/wrapper/dists/gradle-8.0-all/a2o1xoguejy6msdh0lk99lxza/gradle-8.0/lib/groovy-console-3.0.13.jar as it is up-to-date.
[   +1 ms] Caching disabled for BuildToolsApiClasspathEntrySnapshotTransform: /home/codespace/.gradle/wrapper/dists/gradle-8.0-all/a2o1xoguejy6msdh0lk99lxza/gradle-8.0/lib/groovy-ant-3.0.13.jar because:
[        ]   Build cache is disabled
[   +1 ms] Skipping BuildToolsApiClasspathEntrySnapshotTransform: /home/codespace/.gradle/wrapper/dists/gradle-8.0-all/a2o1xoguejy6msdh0lk99lxza/gradle-8.0/lib/groovy-ant-3.0.13.jar as it is up-to-date.
[   +1 ms] Caching disabled for BuildToolsApiClasspathEntrySnapshotTransform: /home/codespace/.gradle/wrapper/dists/gradle-8.0-all/a2o1xoguejy6msdh0lk99lxza/gradle-8.0/lib/groovy-astbuilder-3.0.13.jar because:
[   +1 ms]   Build cache is disabled
[   +3 ms] Skipping BuildToolsApiClasspathEntrySnapshotTransform: /home/codespace/.gradle/wrapper/dists/gradle-8.0-all/a2o1xoguejy6msdh0lk99lxza/gradle-8.0/lib/groovy-astbuilder-3.0.13.jar as it is up-to-date.
[   +1 ms] Caching disabled for task ':gradle:compileKotlin' because:
[   +1 ms]   Build cache is disabled
[   +2 ms] Task ':gradle:compileKotlin' is not up-to-date because:
[   +2 ms]   No history is available.
[   +3 ms] The input changes require a full rebuild for incremental task ':gradle:compileKotlin'.
[   +6 ms] file or directory '/home/codespace/flutter/packages/flutter_tools/gradle/src/main/java', not found
[   +2 ms] Overriding '-Xjvm-default=all' to stable compiler plugin argument '-jvm-default=no-compatibility' in the presence of 'kotlin-dsl' plugin.
[   +4 ms] file or directory '/home/codespace/flutter/packages/flutter_tools/gradle/src/main/java', not found
[        ] file or directory '/home/codespace/flutter/packages/flutter_tools/gradle/src/main/java', not found
[   +1 ms] file or directory '/home/codespace/flutter/packages/flutter_tools/gradle/src/main/java', not found
[   +4 ms] Kotlin source files: /home/codespace/flutter/packages/flutter_tools/gradle/src/main/kotlin/IntentFilterCheck.kt, /home/codespace/flutter/packages/flutter_tools/gradle/src/main/kotlin/FlutterAppPluginLoaderPlugin.kt, /home/codespace/flutter/packages/flutter_tools/gradle/src/main/kotlin/AgpCommonExtensionWrapper.kt, /home/codespace/flutter/packages/flutter_tools/gradle/src/main/kotlin/BaseApplicationNameHandler.kt, /home/codespace/flutter/packages/flutter_tools/gradle/src/main/kotlin/AppLinkSettings.kt, /home/codespace/flutter/packages/flutter_tools/gradle/src/main/kotlin/VersionUtils.kt, /home/codespace/flutter/packages/flutter_tools/gradle/src/main/kotlin/FlutterPluginConstants.kt, /home/codespace/flutter/packages/flutter_tools/gradle/src/main/kotlin/VersionFetcher.kt, /home/codespace/flutter/packages/flutter_tools/gradle/src/main/kotlin/FlutterPlugin.kt, /home/codespace/flutter/packages/flutter_tools/gradle/src/main/kotlin/Deeplink.kt, /home/codespace/flutter/packages/flutter_tools/gradle/src/main/kotlin/tasks/BaseFlutterTask.kt, /home/codespace/flutter/packages/flutter_tools/gradle/src/main/kotlin/tasks/DeepLinkJsonFromManifestTaskHelper.kt, /home/codespace/flutter/packages/flutter_tools/gradle/src/main/kotlin/tasks/ValidateCompileSdkVersionTask.kt, /home/codespace/flutter/packages/flutter_tools/gradle/src/main/kotlin/tasks/DeepLinkJsonFromManifestTask.kt, /home/codespace/flutter/packages/flutter_tools/gradle/src/main/kotlin/tasks/CopyFlutterJniLibsTask.kt, /home/codespace/flutter/packages/flutter_tools/gradle/src/main/kotlin/tasks/FlutterTaskHelper.kt, /home/codespace/flutter/packages/flutter_tools/gradle/src/main/kotlin/tasks/FlutterTask.kt, /home/codespace/flutter/packages/flutter_tools/gradle/src/main/kotlin/tasks/BaseFlutterTaskHelper.kt, /home/codespace/flutter/packages/flutter_tools/gradle/src/main/kotlin/tasks/PrintTask.kt, /home/codespace/flutter/packages/flutter_tools/gradle/src/main/kotlin/FlutterExtension.kt, /home/codespace/flutter/packages/flutter_tools/gradle/src/main/kotlin/NativePluginLoaderReflectionBridge.kt, /home/codespace/flutter/packages/flutter_tools/gradle/src/main/kotlin/FlutterPluginUtils.kt, /home/codespace/flutter/packages/flutter_tools/gradle/src/main/kotlin/plugins/PluginHandler.kt, /home/codespace/flutter/packages/flutter_tools/gradle/src/main/kotlin/DependencyVersionChecker.kt
[   +1 ms] Java source files: 
[   +2 ms] Script source files: 
[        ] Script file extensions: 
[   +9 ms] Using Kotlin/JVM incremental compilation
[        ] [KOTLIN] Kotlin compilation 'jdkHome' argument: /usr/lib/jvm/java-17-openjdk-amd64
[   +6 ms] i: starting the daemon as: /usr/lib/jvm/java-17-openjdk-amd64/bin/java -cp /home/codespace/.gradle/caches/modules-2/files-2.1/org.jetbrains.kotlin/kotlin-compiler-embeddable/2.2.20/bb8331b7585e36ea311825b01a1c06860c055fd1/kotlin-compiler-embeddable-2.2.20.jar:/home/codespace/.gradle/caches/modules-2/files-2.1/org.jetbrains.kotlin/kotlin-stdlib/2.2.20/5380b19fa1924399b62ce3a1faffebb2b4f82272/kotlin-stdlib-2.2.20.jar:/home/codespace/.gradle/caches/modules-2/files-2.1/org.jetbrains.kotlin/kotlin-script-runtime/2.2.20/4c679cbeac0bb583b75c3a080013da8eaf240807/kotlin-script-runtime-2.2.20.jar:/home/codespace/.gradle/caches/modules-2/files-2.1/org.jetbrains.kotlin/kotlin-reflect/1.6.10/1cbe9c92c12a94eea200d23c2bbaedaf3daf5132/kotlin-reflect-1.6.10.jar:/home/codespace/.gradle/caches/modules-2/files-2.1/org.jetbrains.kotlin/kotlin-daemon-embeddable/2.2.20/feff12d48d7f1eb628742b0a721395e16f8755bf/kotlin-daemon-embeddable-2.2.20.jar:/home/codespace/.gradle/caches/modules-2/files-2.1/org.jetbrains.kotlinx/kotlinx-coroutines-core-jvm/1.8.0/ac1dc37a30a93150b704022f8d895ee1bd3a36b3/kotlinx-coroutines-core-jvm-1.8.0.jar:/home/codespace/.gradle/caches/modules-2/files-2.1/org.jetbrains/annotations/13.0/919f0dfe192fb4e063e7dacadee7f8bb9a2672a9/annotations-13.0.jar -Djava.awt.headless=true -Djava.rmi.server.hostname=127.0.0.1 -Xmx512m -XX:MaxMetaspaceSize=256m -XX:ReservedCodeCacheSize=320m -Dkotlin.environment.keepalive -ea -XX:+UseCodeCacheFlushing -XX:+UseParallelGC -Dkotlin.daemon.initiator.marker.file=/tmp/kotlin-compiler-in-gradle-1432955199350681099.alive --add-exports java.base/sun.nio.ch=ALL-UNNAMED org.jetbrains.kotlin.daemon.KotlinCompileDaemon --daemon-runFilesPath /home/codespace/.local/share/kotlin/daemon --daemon-autoshutdownIdleSeconds=7200 --daemon-compilerClasspath /home/codespace/.gradle/caches/modules-2/files-2.1/org.jetbrains.kotlin/kotlin-compiler-embeddable/2.2.20/bb8331b7585e36ea311825b01a1c06860c055fd1/kotlin-compiler-embeddable-2.2.20.jar:/home/codespace/.gradle/caches/modules-2/files-2.1/org.jetbrains.kotlin/kotlin-stdlib/2.2.20/5380b19fa1924399b62ce3a1faffebb2b4f82272/kotlin-stdlib-2.2.20.jar:/home/codespace/.gradle/caches/modules-2/files-2.1/org.jetbrains.kotlin/kotlin-script-runtime/2.2.20/4c679cbeac0bb583b75c3a080013da8eaf240807/kotlin-script-runtime-2.2.20.jar:/home/codespace/.gradle/caches/modules-2/files-2.1/org.jetbrains.kotlin/kotlin-reflect/1.6.10/1cbe9c92c12a94eea200d23c2bbaedaf3daf5132/kotlin-reflect-1.6.10.jar:/home/codespace/.gradle/caches/modules-2/files-2.1/org.jetbrains.kotlin/kotlin-daemon-embeddable/2.2.20/feff12d48d7f1eb628742b0a721395e16f8755bf/kotlin-daemon-embeddable-2.2.20.jar:/home/codespace/.gradle/caches/modules-2/files-2.1/org.jetbrains.kotlinx/kotlinx-coroutines-core-jvm/1.8.0/ac1dc37a30a93150b704022f8d895ee1bd3a36b3/kotlinx-coroutines-core-jvm-1.8.0.jar:/home/codespace/.gradle/caches/modules-2/files-2.1/org.jetbrains/annotations/13.0/919f0dfe192fb4e063e7dacadee7f8bb9a2672a9/annotations-13.0.jar
[        ] i: #1 retrying connecting to the daemon 
[        ] Options for KOTLIN DAEMON: IncrementalCompilationOptions(super=CompilationOptions(compilerMode=INCREMENTAL_COMPILER, targetPlatform=JVM, reportCategories=[0, 3], reportSeverity=2, requestedCompilationResults=[0], kotlinScriptExtensions=[]), sourceChanges=org.jetbrains.kotlin.buildtools.api.SourcesChanges$Unknown@67350eff, classpathChanges=NotAvailableForNonIncrementalRun, workingDir=/home/codespace/flutter/packages/flutter_tools/gradle/build/kotlin/compileKotlin/cacheable, multiModuleICSettings=MultiModuleICSettings(buildHistoryFile=/home/codespace/flutter/packages/flutter_tools/gradle/build/kotlin/compileKotlin/local-state/build-history.bin, useModuleDetection=false), icFeatures=IncrementalCompilationFeatures(usePreciseJavaTracking=true, withAbiSnapshot=false, preciseCompilationResultsBackup=true, keepIncrementalCompilationCachesInMemory=true, enableUnsafeIncrementalCompilationForMultiplatform=false, enableMonotonousIncrementalCompileSetExpansion=true), outputFiles=[/home/codespace/flutter/packages/flutter_tools/gradle/build/classes/kotlin/main, /home/codespace/flutter/packages/flutter_tools/gradle/build/kotlin/compileKotlin/cacheable, /home/codespace/flutter/packages/flutter_tools/gradle/build/kotlin/compileKotlin/local-state])
[+1210 ms] The message received from the daemon indicates that the daemon has disappeared.
[   +8 ms] Build request sent: Build{id=4f066f95-d71a-4e7d-9112-0d0bb367dd57, currentDir=/workspaces/BASIM-PREMIUM/android}
[   +2 ms] Attempting to read last messages from the daemon log...
[        ] Daemon pid: 236260
[        ]   log file: /home/codespace/.gradle/daemon/8.0/daemon-236260.out.log
[        ] ----- Last  20 lines from daemon log file - daemon-236260.out.log -----
[   +2 ms] Kotlin source files: /home/codespace/flutter/packages/flutter_tools/gradle/src/main/kotlin/IntentFilterCheck.kt, /home/codespace/flutter/packages/flutter_tools/gradle/src/main/kotlin/FlutterAppPluginLoaderPlugin.kt, /home/codespace/flutter/packages/flutter_tools/gradle/src/main/kotlin/AgpCommonExtensionWrapper.kt, /home/codespace/flutter/packages/flutter_tools/gradle/src/main/kotlin/BaseApplicationNameHandler.kt, /home/codespace/flutter/packages/flutter_tools/gradle/src/main/kotlin/AppLinkSettings.kt, /home/codespace/flutter/packages/flutter_tools/gradle/src/main/kotlin/VersionUtils.kt, /home/codespace/flutter/packages/flutter_tools/gradle/src/main/kotlin/FlutterPluginConstants.kt, /home/codespace/flutter/packages/flutter_tools/gradle/src/main/kotlin/VersionFetcher.kt, /home/codespace/flutter/packages/flutter_tools/gradle/src/main/kotlin/FlutterPlugin.kt, /home/codespace/flutter/packages/flutter_tools/gradle/src/main/kotlin/Deeplink.kt, /home/codespace/flutter/packages/flutter_tools/gradle/src/main/kotlin/tasks/BaseFlutterTask.kt, /home/codespace/flutter/packages/flutter_tools/gradle/src/main/kotlin/tasks/DeepLinkJsonFromManifestTaskHelper.kt, /home/codespace/flutter/packages/flutter_tools/gradle/src/main/kotlin/tasks/ValidateCompileSdkVersionTask.kt, /home/codespace/flutter/packages/flutter_tools/gradle/src/main/kotlin/tasks/DeepLinkJsonFromManifestTask.kt, /home/codespace/flutter/packages/flutter_tools/gradle/src/main/kotlin/tasks/CopyFlutterJniLibsTask.kt, /home/codespace/flutter/packages/flutter_tools/gradle/src/main/kotlin/tasks/FlutterTaskHelper.kt, /home/codespace/flutter/packages/flutter_tools/gradle/src/main/kotlin/tasks/FlutterTask.kt, /home/codespace/flutter/packages/flutter_tools/gradle/src/main/kotlin/tasks/BaseFlutterTaskHelper.kt, /home/codespace/flutter/packages/flutter_tools/gradle/src/main/kotlin/tasks/PrintTask.kt, /home/codespace/flutter/packages/flutter_tools/gradle/src/main/kotlin/FlutterExtension.kt, /home/codespace/flutter/packages/flutter_tools/gradle/src/main/kotlin/NativePluginLoaderReflectionBridge.kt, /home/codespace/flutter/packages/flutter_tools/gradle/src/main/kotlin/FlutterPluginUtils.kt, /home/codespace/flutter/packages/flutter_tools/gradle/src/main/kotlin/plugins/PluginHandler.kt, /home/codespace/flutter/packages/flutter_tools/gradle/src/main/kotlin/DependencyVersionChecker.kt
[   +2 ms] Java source files: 
[        ] Script source files: 
[        ] Script file extensions: 
[   +1 ms] Using Kotlin/JVM incremental compilation
[   +1 ms] [KOTLIN] Kotlin compilation 'jdkHome' argument: /usr/lib/jvm/java-17-openjdk-amd64
[        ] Resolve mutations for :gradle:pluginDescriptors (Thread[included builds,5,main]) started.
[   +1 ms] :gradle:pluginDescriptors (Thread[included builds,5,main]) started.
[   +1 ms] Caching disabled for task ':gradle:pluginDescriptors' because:
[   +1 ms]   Build cache is disabled
[   +1 ms] Skipping task ':gradle:pluginDescriptors' as it is up-to-date.
[   +1 ms] Resolve mutations for :gradle:processResources (Thread[included builds,5,main]) started.
[   +1 ms] :gradle:processResources (Thread[included builds,5,main]) started.
[   +1 ms] Caching disabled for task ':gradle:processResources' because:
[   +1 ms]   Build cache is disabled
[   +1 ms] Skipping task ':gradle:processResources' as it is up-to-date.
[   +2 ms] i: starting the daemon as: /usr/lib/jvm/java-17-openjdk-amd64/bin/java -cp /home/codespace/.gradle/caches/modules-2/files-2.1/org.jetbrains.kotlin/kotlin-compiler-embeddable/2.2.20/bb8331b7585e36ea311825b01a1c06860c055fd1/kotlin-compiler-embeddable-2.2.20.jar:/home/codespace/.gradle/caches/modules-2/files-2.1/org.jetbrains.kotlin/kotlin-stdlib/2.2.20/5380b19fa1924399b62ce3a1faffebb2b4f82272/kotlin-stdlib-2.2.20.jar:/home/codespace/.gradle/caches/modules-2/files-2.1/org.jetbrains.kotlin/kotlin-script-runtime/2.2.20/4c679cbeac0bb583b75c3a080013da8eaf240807/kotlin-script-runtime-2.2.20.jar:/home/codespace/.gradle/caches/modules-2/files-2.1/org.jetbrains.kotlin/kotlin-reflect/1.6.10/1cbe9c92c12a94eea200d23c2bbaedaf3daf5132/kotlin-reflect-1.6.10.jar:/home/codespace/.gradle/caches/modules-2/files-2.1/org.jetbrains.kotlin/kotlin-daemon-embeddable/2.2.20/feff12d48d7f1eb628742b0a721395e16f8755bf/kotlin-daemon-embeddable-2.2.20.jar:/home/codespace/.gradle/caches/modules-2/files-2.1/org.jetbrains.kotlinx/kotlinx-coroutines-core-jvm/1.8.0/ac1dc37a30a93150b704022f8d895ee1bd3a36b3/kotlinx-coroutines-core-jvm-1.8.0.jar:/home/codespace/.gradle/caches/modules-2/files-2.1/org.jetbrains/annotations/13.0/919f0dfe192fb4e063e7dacadee7f8bb9a2672a9/annotations-13.0.jar -Djava.awt.headless=true -Djava.rmi.server.hostname=127.0.0.1 -Xmx512m -XX:MaxMetaspaceSize=256m -XX:ReservedCodeCacheSize=320m -Dkotlin.environment.keepalive -ea -XX:+UseCodeCacheFlushing -XX:+UseParallelGC -Dkotlin.daemon.initiator.marker.file=/tmp/kotlin-compiler-in-gradle-1432955199350681099.alive --add-exports java.base/sun.nio.ch=ALL-UNNAMED org.jetbrains.kotlin.daemon.KotlinCompileDaemon --daemon-runFilesPath /home/codespace/.local/share/kotlin/daemon --daemon-autoshutdownIdleSeconds=7200 --daemon-compilerClasspath /home/codespace/.gradle/caches/modules-2/files-2.1/org.jetbrains.kotlin/kotlin-compiler-embeddable/2.2.20/bb8331b7585e36ea311825b01a1c06860c055fd1/kotlin-compiler-embeddable-2.2.20.jar:/home/codespace/.gradle/caches/modules-2/files-2.1/org.jetbrains.kotlin/kotlin-stdlib/2.2.20/5380b19fa1924399b62ce3a1faffebb2b4f82272/kotlin-stdlib-2.2.20.jar:/home/codespace/.gradle/caches/modules-2/files-2.1/org.jetbrains.kotlin/kotlin-script-runtime/2.2.20/4c679cbeac0bb583b75c3a080013da8eaf240807/kotlin-script-runtime-2.2.20.jar:/home/codespace/.gradle/caches/modules-2/files-2.1/org.jetbrains.kotlin/kotlin-reflect/1.6.10/1cbe9c92c12a94eea200d23c2bbaedaf3daf5132/kotlin-reflect-1.6.10.jar:/home/codespace/.gradle/caches/modules-2/files-2.1/org.jetbrains.kotlin/kotlin-daemon-embeddable/2.2.20/feff12d48d7f1eb628742b0a721395e16f8755bf/kotlin-daemon-embeddable-2.2.20.jar:/home/codespace/.gradle/caches/modules-2/files-2.1/org.jetbrains.kotlinx/kotlinx-coroutines-core-jvm/1.8.0/ac1dc37a30a93150b704022f8d895ee1bd3a36b3/kotlinx-coroutines-core-jvm-1.8.0.jar:/home/codespace/.gradle/caches/modules-2/files-2.1/org.jetbrains/annotations/13.0/919f0dfe192fb4e063e7dacadee7f8bb9a2672a9/annotations-13.0.jar
[   +1 ms] i: #1 retrying connecting to the daemon 
[   +1 ms] Options for KOTLIN DAEMON: IncrementalCompilationOptions(super=CompilationOptions(compilerMode=INCREMENTAL_COMPILER, targetPlatform=JVM, reportCategories=[0, 3], reportSeverity=2, requestedCompilationResults=[0], kotlinScriptExtensions=[]), sourceChanges=org.jetbrains.kotlin.buildtools.api.SourcesChanges$Unknown@67350eff, classpathChanges=NotAvailableForNonIncrementalRun, workingDir=/home/codespace/flutter/packages/flutter_tools/gradle/build/kotlin/compileKotlin/cacheable, multiModuleICSettings=MultiModuleICSettings(buildHistoryFile=/home/codespace/flutter/packages/flutter_tools/gradle/build/kotlin/compileKotlin/local-state/build-history.bin, useModuleDetection=false), icFeatures=IncrementalCompilationFeatures(usePreciseJavaTracking=true, withAbiSnapshot=false, preciseCompilationResultsBackup=true, keepIncrementalCompilationCachesInMemory=true, enableUnsafeIncrementalCompilationForMultiplatform=false, enableMonotonousIncrementalCompileSetExpansion=true), outputFiles=[/home/codespace/flutter/packages/flutter_tools/gradle/build/classes/kotlin/main, /home/codespace/flutter/packages/flutter_tools/gradle/build/kotlin/compileKotlin/cacheable, /home/codespace/flutter/packages/flutter_tools/gradle/build/kotlin/compileKotlin/local-state])
[   +1 ms] Daemon vm is shutting down... The daemon has exited normally or was terminated in response to a user interrupt.
[   +1 ms] ----- End of the daemon log -----
[   +1 ms] FAILURE: Build failed with an exception.
[   +1 ms] * What went wrong:
[   +1 ms] Gradle build daemon disappeared unexpectedly (it may have been killed or may have crashed)
[   +1 ms] * Try:
[        ] > Run with --debug option to get more log output.
[        ] > Run with --scan to get full insights.
[        ] * Exception is:
[        ] org.gradle.launcher.daemon.client.DaemonDisappearedException: Gradle build daemon disappeared unexpectedly (it may have been killed or may have crashed)
[        ] 	at org.gradle.launcher.daemon.client.DaemonClient.handleDaemonDisappearance(DaemonClient.java:269)
[        ] 	at org.gradle.launcher.daemon.client.DaemonClient.monitorBuild(DaemonClient.java:242)
[        ] 	at org.gradle.launcher.daemon.client.DaemonClient.executeBuild(DaemonClient.java:204)
[        ] 	at org.gradle.launcher.daemon.client.DaemonClient.execute(DaemonClient.java:167)
[        ] 	at org.gradle.launcher.daemon.client.DaemonClient.execute(DaemonClient.java:99)
[        ] 	at org.gradle.launcher.cli.RunBuildAction.run(RunBuildAction.java:57)
[        ] 	at org.gradle.internal.Actions$RunnableActionAdapter.execute(Actions.java:167)
[        ] 	at org.gradle.launcher.cli.DefaultCommandLineActionFactory$ParseAndBuildAction.execute(DefaultCommandLineActionFactory.java:259)
[        ] 	at org.gradle.launcher.cli.DefaultCommandLineActionFactory$ParseAndBuildAction.execute(DefaultCommandLineActionFactory.java:230)
[        ] 	at org.gradle.launcher.cli.DebugLoggerWarningAction.execute(DebugLoggerWarningAction.java:82)
[        ] 	at org.gradle.launcher.cli.DebugLoggerWarningAction.execute(DebugLoggerWarningAction.java:30)
[        ] 	at org.gradle.launcher.cli.WelcomeMessageAction.execute(WelcomeMessageAction.java:96)
[        ] 	at org.gradle.launcher.cli.WelcomeMessageAction.execute(WelcomeMessageAction.java:40)
[        ] 	at org.gradle.launcher.cli.NativeServicesInitializingAction.execute(NativeServicesInitializingAction.java:44)
[        ] 	at org.gradle.launcher.cli.NativeServicesInitializingAction.execute(NativeServicesInitializingAction.java:26)
[        ] 	at org.gradle.launcher.cli.ExceptionReportingAction.execute(ExceptionReportingAction.java:41)
[        ] 	at org.gradle.launcher.cli.ExceptionReportingAction.execute(ExceptionReportingAction.java:26)
[        ] 	at org.gradle.launcher.cli.DefaultCommandLineActionFactory$WithLogging.execute(DefaultCommandLineActionFactory.java:361)
[        ] 	at org.gradle.launcher.Main.doAction(Main.java:35)
[        ] 	at org.gradle.launcher.bootstrap.EntryPoint.run(EntryPoint.java:50)
[        ] 	at java.base/jdk.internal.reflect.NativeMethodAccessorImpl.invoke0(Native Method)
[        ] 	at java.base/jdk.internal.reflect.NativeMethodAccessorImpl.invoke(NativeMethodAccessorImpl.java:77)
[   +1 ms] 	at java.base/jdk.internal.reflect.DelegatingMethodAccessorImpl.invoke(DelegatingMethodAccessorImpl.java:43)
[        ] 	at java.base/java.lang.reflect.Method.invoke(Method.java:569)
[   +1 ms] 	at org.gradle.launcher.bootstrap.ProcessBootstrap.runNoExit(ProcessBootstrap.java:60)
[        ] 	at org.gradle.launcher.bootstrap.ProcessBootstrap.run(ProcessBootstrap.java:37)
[   +1 ms] 	at java.base/jdk.internal.reflect.NativeMethodAccessorImpl.invoke0(Native Method)
[        ] 	at java.base/jdk.internal.reflect.NativeMethodAccessorImpl.invoke(NativeMethodAccessorImpl.java:77)
[        ] 	at java.base/jdk.internal.reflect.DelegatingMethodAccessorImpl.invoke(DelegatingMethodAccessorImpl.java:43)
[        ] 	at java.base/java.lang.reflect.Method.invoke(Method.java:569)
[   +1 ms] 	at org.gradle.launcher.GradleMain.main(GradleMain.java:34)
[   +1 ms] 	at java.base/jdk.internal.reflect.NativeMethodAccessorImpl.invoke0(Native Method)
[   +1 ms] 	at java.base/jdk.internal.reflect.NativeMethodAccessorImpl.invoke(NativeMethodAccessorImpl.java:77)
[   +1 ms] 	at java.base/jdk.internal.reflect.DelegatingMethodAccessorImpl.invoke(DelegatingMethodAccessorImpl.java:43)
[   +1 ms] 	at java.base/java.lang.reflect.Method.invoke(Method.java:569)
[        ] 	at org.gradle.wrapper.BootstrapMainStarter.start(BootstrapMainStarter.java:30)
[   +1 ms] 	at org.gradle.wrapper.WrapperExecutor.execute(WrapperExecutor.java:129)
[        ] 	at org.gradle.wrapper.GradleWrapperMain.main(GradleWrapperMain.java:61)
[   +1 ms] * Get more help at https://help.gradle.org
[ +323 ms] Running Gradle task 'assembleDebug'... (completed in 16.1s)
[   +9 ms] executing: /usr/lib/jvm/java-17-openjdk-amd64/bin/java --version
[ +292 ms] Exit code 0 from: /usr/lib/jvm/java-17-openjdk-amd64/bin/java --version
[   +1 ms] openjdk 17.0.20.1 2026-08-18
           OpenJDK Runtime Environment (build 17.0.20.1+1-1-24.04-Ubuntu)
           OpenJDK 64-Bit Server VM (build 17.0.20.1+1-1-24.04-Ubuntu, mixed mode, sharing)
[  +22 ms] "flutter apk" took 17,260ms.
[  +15 ms] Gradle task assembleDebug failed with exit code 1
[   +1 ms] 
           #0      throwToolExit (package:flutter_tools/src/base/common.dart:34:3)
           #1      AndroidGradleBuilder.buildGradleApp (package:flutter_tools/src/android/gradle.dart:653:7)
           <asynchronous suspension>
           #2      AndroidGradleBuilder.buildApk (package:flutter_tools/src/android/gradle.dart:246:5)
           <asynchronous suspension>
           #3      BuildApkCommand.runCommand (package:flutter_tools/src/commands/build_apk.dart:132:5)
           <asynchronous suspension>
           #4      FlutterCommand.run.<anonymous closure> (package:flutter_tools/src/runner/flutter_command.dart:1663:27)
           <asynchronous suspension>
           #5      AppContext.run.<anonymous closure> (package:flutter_tools/src/base/context.dart:154:19)
           <asynchronous suspension>
           #6      CommandRunner.runCommand (package:args/command_runner.dart:212:13)
           <asynchronous suspension>
           #7      FlutterCommandRunner.runCommand.<anonymous closure> (package:flutter_tools/src/runner/flutter_command_runner.dart:496:9)
           <asynchronous suspension>
           #8      AppContext.run.<anonymous closure> (package:flutter_tools/src/base/context.dart:154:19)
           <asynchronous suspension>
           #9      FlutterCommandRunner.runCommand (package:flutter_tools/src/runner/flutter_command_runner.dart:431:5)
           <asynchronous suspension>
           #10     FlutterCommandRunner.run.<anonymous closure> (package:flutter_tools/src/runner/flutter_command_runner.dart:307:33)
           <asynchronous suspension>
           #11     run.<anonymous closure>.<anonymous closure> (package:flutter_tools/runner.dart:104:11)
           <asynchronous suspension>
           #12     AppContext.run.<anonymous closure> (package:flutter_tools/src/base/context.dart:154:19)
           <asynchronous suspension>
           #13     main (package:flutter_tools/executable.dart:103:3)
           <asynchronous suspension>


[   +1 ms] Running 1 shutdown hook
[   +1 ms] Shutdown hooks complete
[   +1 ms] exiting with code 1
