Starting a Gradle Daemon, 1 incompatible Daemon could not be reused, use --status for details

> Configure project :gradle
WARNING: Unsupported Kotlin plugin version.
The `embedded-kotlin` and `kotlin-dsl` plugins rely on features of Kotlin `1.8.10` that might work differently than in the requested version `2.2.20`.

> Task :gradle:checkKotlinGradlePluginConfigurationErrors SKIPPED
> Task :gradle:pluginDescriptors UP-TO-DATE
> Task :gradle:processResources UP-TO-DATE
The message received from the daemon indicates that the daemon has disappeared.
Build request sent: Build{id=111a0b3f-a0ae-4c92-95dc-9fcc1205bc4e, currentDir=/workspaces/BASIM-PREMIUM/android}
Attempting to read last messages from the daemon log...
Daemon pid: 237333
  log file: /home/codespace/.gradle/daemon/8.0/daemon-237333.out.log
----- Last  20 lines from daemon log file - daemon-237333.out.log -----
2026-09-25T17:22:12.194+0000 [DEBUG] [org.gradle.launcher.daemon.server.DefaultIncomingConnectionHandler] Starting executing command: Build{id=111a0b3f-a0ae-4c92-95dc-9fcc1205bc4e, currentDir=/workspaces/BASIM-PREMIUM/android} with connection: socket connection from /127.0.0.1:40859 to /127.0.0.1:39186.
2026-09-25T17:22:12.196+0000 [DEBUG] [org.gradle.launcher.daemon.server.DaemonStateCoordinator] Command execution: started DaemonCommandExecution[command = Build{id=111a0b3f-a0ae-4c92-95dc-9fcc1205bc4e, currentDir=/workspaces/BASIM-PREMIUM/android}, connection = DefaultDaemonConnection: socket connection from /127.0.0.1:40859 to /127.0.0.1:39186] after 0.0 minutes of idle
2026-09-25T17:22:12.197+0000 [INFO] [org.gradle.launcher.daemon.server.DaemonRegistryUpdater] Marking the daemon as busy, address: [90d36a1f-4287-4576-8d3c-389791665dea port:40859, addresses:[localhost/127.0.0.1]]
2026-09-25T17:22:12.197+0000 [DEBUG] [org.gradle.launcher.daemon.registry.PersistentDaemonRegistry] Marking busy by address: [90d36a1f-4287-4576-8d3c-389791665dea port:40859, addresses:[localhost/127.0.0.1]]
2026-09-25T17:22:12.198+0000 [DEBUG] [org.gradle.cache.internal.DefaultFileLockManager] Waiting to acquire exclusive lock on daemon addresses registry.
2026-09-25T17:22:12.198+0000 [DEBUG] [org.gradle.cache.internal.DefaultFileLockManager] Lock acquired on daemon addresses registry.
2026-09-25T17:22:12.199+0000 [DEBUG] [org.gradle.cache.internal.DefaultFileLockManager] Releasing lock on daemon addresses registry.
2026-09-25T17:22:12.200+0000 [DEBUG] [org.gradle.launcher.daemon.server.DaemonStateCoordinator] resetting idle timer
2026-09-25T17:22:12.200+0000 [DEBUG] [org.gradle.launcher.daemon.server.DaemonStateCoordinator] daemon is running. Sleeping until state changes.
2026-09-25T17:22:12.200+0000 [INFO] [org.gradle.launcher.daemon.server.exec.StartBuildOrRespondWithBusy] Daemon is about to start building Build{id=111a0b3f-a0ae-4c92-95dc-9fcc1205bc4e, currentDir=/workspaces/BASIM-PREMIUM/android}. Dispatching build started information...
2026-09-25T17:22:12.201+0000 [DEBUG] [org.gradle.launcher.daemon.server.SynchronizedDispatchConnection] thread 21: dispatching org.gradle.launcher.daemon.protocol.BuildStarted@7cf0d3c3
2026-09-25T17:22:12.206+0000 [DEBUG] [org.gradle.launcher.daemon.server.exec.EstablishBuildEnvironment] Configuring env variables: [PATH, DOTNET_USE_POLLING_FILE_WATCHER, CODESPACES, CODESPACE_VSCODE_FOLDER, PROMPT_DIRTRIM, VSCODE_GIT_IPC_HANDLE, VSCODE_PYTHON_AUTOACTIVATE_GUARD, PIPX_HOME, ANDROID_HOME, HUGO_DIR, MAVEN_ROOT, MAVEN_HOME, GITHUB_API_URL, ORYX_PREFER_USER_INSTALLED_SDKS, COLORTERM, DOCKER_BUILDKIT, SDKMAN_DIR, VSCODE_GIT_ASKPASS_NODE, PWD, TERM_PROGRAM_VERSION, GIT_ASKPASS, CONDA_SCRIPT, SDKMAN_BROKER_API, HUGO_ROOT, NVM_CD_FLAGS, LESSOPEN, SHELL, SDKMAN_CANDIDATES_API, GITHUB_TOKEN, GITHUB_GRAPHQL_URL, GOPATH, OLDPWD, DEBIAN_FLAVOR, GITHUB_CODESPACE_TOKEN, ContainerVersion, PHP_PATH, RAILS_DEVELOPMENT_HOSTS, GITHUB_CODESPACES_PORT_FORWARDING_DOMAIN, DOTNET_ROOT, NVM_SYMLINK_CURRENT, PYTHON_ROOT, DEBUGINFOD_URLS, GITHUB_USER, LS_COLORS, SHLVL, ORYX_ENV_TYPE, PIPX_BIN_DIR, DOTNET_RUNNING_IN_CONTAINER, BROWSER, LESSCLOSE, GITHUB_SERVER_URL, JAVA_ROOT, CLOUDENV_ENVIRONMENT_ID, JAVA_HOME, GIT_EDITOR, ORYX_SDK_STORAGE_BASE_URL, TERM, FEATURE_SPARK_POST_COMMIT_CREATE_ITERATION, LANG, GRADLE_HOME, VSCODE_GIT_ASKPASS_MAIN, INTERNAL_VSCS_TARGET_URL, NVM_INC, VSCODE_IPC_HOOK_CLI, GITHUB_REPOSITORY, CONDA_DIR, VSCODE_GIT_ASKPASS_EXTRA_ARGS, SDKMAN_CANDIDATES_DIR, NUGET_XMLDOC_MODE, RUBY_HOME, NODE_ROOT, NVM_DIR, ENABLE_DYNAMIC_INSTALL, TERM_PROGRAM, SHELL_LOGGED_IN, RBENV_ROOT, PYTHONIOENCODING, PYTHON_PATH, DOTNET_SKIP_FIRST_TIME_EXPERIENCE, PHP_ROOT, SDKMAN_PLATFORM, RUBY_ROOT, ANDROID_SDK_ROOT, USER, GOROOT, ORYX_DIR, JUPYTERLAB_PATH, HOSTNAME, NVM_BIN, CODESPACE_NAME, HOME, NPM_GLOBAL, DYNAMIC_INSTALL_ROOT_DIR]
2026-09-25T17:22:12.218+0000 [DEBUG] [org.gradle.launcher.daemon.server.exec.LogToClient] About to start relaying all logs to the client via the connection.
2026-09-25T17:22:12.218+0000 [INFO] [org.gradle.launcher.daemon.server.exec.LogToClient] The client will now receive all logging from the daemon (pid: 237333). The daemon log file: /home/codespace/.gradle/daemon/8.0/daemon-237333.out.log
2026-09-25T17:22:12.223+0000 [INFO] [org.gradle.launcher.daemon.server.exec.LogAndCheckHealth] Starting build in new daemon [memory: 512 MiB]
2026-09-25T17:22:12.263+0000 [DEBUG] [org.gradle.launcher.daemon.server.exec.ExecuteBuild] The daemon has started executing the build.
2026-09-25T17:22:12.264+0000 [DEBUG] [org.gradle.launcher.daemon.server.exec.ExecuteBuild] Executing build with daemon context: DefaultDaemonContext[uid=49732974-04c3-4304-95c0-1ff99689ecbd,javaHome=/usr/lib/jvm/java-17-openjdk-amd64,daemonRegistryDir=/home/codespace/.gradle/daemon,pid=237333,idleTimeout=10800000,priority=NORMAL,daemonOpts=--add-opens=java.base/java.util=ALL-UNNAMED,--add-opens=java.base/java.lang=ALL-UNNAMED,--add-opens=java.base/java.lang.invoke=ALL-UNNAMED,--add-opens=java.prefs/java.util.prefs=ALL-UNNAMED,--add-opens=java.base/java.nio.charset=ALL-UNNAMED,--add-opens=java.base/java.net=ALL-UNNAMED,--add-opens=java.base/java.util.concurrent.atomic=ALL-UNNAMED,-XX:MaxMetaspaceSize=256m,-XX:+HeapDumpOnOutOfMemoryError,-Xms256m,-Xmx512m,-Dfile.encoding=UTF-8,-Duser.country,-Duser.language=en,-Duser.variant]
WARNING: Unsupported Kotlin plugin version.
The `embedded-kotlin` and `kotlin-dsl` plugins rely on features of Kotlin `1.8.10` that might work differently than in the requested version `2.2.20`.
Daemon vm is shutting down... The daemon has exited normally or was terminated in response to a user interrupt.
----- End of the daemon log -----


FAILURE: Build failed with an exception.

* What went wrong:
Gradle build daemon disappeared unexpectedly (it may have been killed or may have crashed)

* Try:
> Run with --info or --debug option to get more log output.
> Run with --scan to get full insights.

* Exception is:
org.gradle.launcher.daemon.client.DaemonDisappearedException: Gradle build daemon disappeared unexpectedly (it may have been killed or may have crashed)
	at org.gradle.launcher.daemon.client.DaemonClient.handleDaemonDisappearance(DaemonClient.java:269)
	at org.gradle.launcher.daemon.client.DaemonClient.monitorBuild(DaemonClient.java:242)
	at org.gradle.launcher.daemon.client.DaemonClient.executeBuild(DaemonClient.java:204)
	at org.gradle.launcher.daemon.client.DaemonClient.execute(DaemonClient.java:167)
	at org.gradle.launcher.daemon.client.DaemonClient.execute(DaemonClient.java:99)
	at org.gradle.launcher.cli.RunBuildAction.run(RunBuildAction.java:57)
	at org.gradle.internal.Actions$RunnableActionAdapter.execute(Actions.java:167)
	at org.gradle.launcher.cli.DefaultCommandLineActionFactory$ParseAndBuildAction.execute(DefaultCommandLineActionFactory.java:259)
	at org.gradle.launcher.cli.DefaultCommandLineActionFactory$ParseAndBuildAction.execute(DefaultCommandLineActionFactory.java:230)
	at org.gradle.launcher.cli.DebugLoggerWarningAction.execute(DebugLoggerWarningAction.java:82)
	at org.gradle.launcher.cli.DebugLoggerWarningAction.execute(DebugLoggerWarningAction.java:30)
	at org.gradle.launcher.cli.WelcomeMessageAction.execute(WelcomeMessageAction.java:96)
	at org.gradle.launcher.cli.WelcomeMessageAction.execute(WelcomeMessageAction.java:40)
	at org.gradle.launcher.cli.NativeServicesInitializingAction.execute(NativeServicesInitializingAction.java:44)
	at org.gradle.launcher.cli.NativeServicesInitializingAction.execute(NativeServicesInitializingAction.java:26)
	at org.gradle.launcher.cli.ExceptionReportingAction.execute(ExceptionReportingAction.java:41)
	at org.gradle.launcher.cli.ExceptionReportingAction.execute(ExceptionReportingAction.java:26)
	at org.gradle.launcher.cli.DefaultCommandLineActionFactory$WithLogging.execute(DefaultCommandLineActionFactory.java:361)
	at org.gradle.launcher.Main.doAction(Main.java:35)
	at org.gradle.launcher.bootstrap.EntryPoint.run(EntryPoint.java:50)
	at java.base/jdk.internal.reflect.NativeMethodAccessorImpl.invoke0(Native Method)
	at java.base/jdk.internal.reflect.NativeMethodAccessorImpl.invoke(NativeMethodAccessorImpl.java:77)
	at java.base/jdk.internal.reflect.DelegatingMethodAccessorImpl.invoke(DelegatingMethodAccessorImpl.java:43)
	at java.base/java.lang.reflect.Method.invoke(Method.java:569)
	at org.gradle.launcher.bootstrap.ProcessBootstrap.runNoExit(ProcessBootstrap.java:60)
	at org.gradle.launcher.bootstrap.ProcessBootstrap.run(ProcessBootstrap.java:37)
	at java.base/jdk.internal.reflect.NativeMethodAccessorImpl.invoke0(Native Method)
	at java.base/jdk.internal.reflect.NativeMethodAccessorImpl.invoke(NativeMethodAccessorImpl.java:77)
	at java.base/jdk.internal.reflect.DelegatingMethodAccessorImpl.invoke(DelegatingMethodAccessorImpl.java:43)
	at java.base/java.lang.reflect.Method.invoke(Method.java:569)
	at org.gradle.launcher.GradleMain.main(GradleMain.java:34)
	at java.base/jdk.internal.reflect.NativeMethodAccessorImpl.invoke0(Native Method)
	at java.base/jdk.internal.reflect.NativeMethodAccessorImpl.invoke(NativeMethodAccessorImpl.java:77)
	at java.base/jdk.internal.reflect.DelegatingMethodAccessorImpl.invoke(DelegatingMethodAccessorImpl.java:43)
	at java.base/java.lang.reflect.Method.invoke(Method.java:569)
	at org.gradle.wrapper.BootstrapMainStarter.start(BootstrapMainStarter.java:30)
	at org.gradle.wrapper.WrapperExecutor.execute(WrapperExecutor.java:129)
	at org.gradle.wrapper.GradleWrapperMain.main(GradleWrapperMain.java:61)


* Get more help at https://help.gradle.org
> Task :gradle:compileKotlin
